<html>
<body>
<pre>
<h1>µVision Build Log</h1>
<h2>Tool Versions:</h2>
IDE-Version: ¦ÌVision V5.24.2.0
Copyright (C) 2017 ARM Ltd and ARM Germany GmbH. All rights reserved.
License Information: Yule xiaozhaoggi, a, LIC=6XJFW-QU3R1-BVH1G-VLY51-4NU0N-WGAAM
 
Tool Versions:
Toolchain:       MDK-ARM Professional  Version: 5.24.1
Toolchain Path:  C:\Keil_v5\ARM\ARMCC\Bin
C Compiler:      Armcc.exe V5.06 update 5 (build 528)
Assembler:       Armasm.exe V5.06 update 5 (build 528)
Linker/Locator:  ArmLink.exe V5.06 update 5 (build 528)
Library Manager: ArmAr.exe V5.06 update 5 (build 528)
Hex Converter:   FromElf.exe V5.06 update 5 (build 528)
CPU DLL:         SARMCM3.DLL V5.24.1
Dialog DLL:      DCM.DLL V1.16.0.0
Target DLL:      Segger\JL2CM3.dll V2.99.26.0
Dialog DLL:      TCM.DLL V1.32.0.0
 
<h2>Project:</h2>
D:\1\Project\xianyu\stm32 nbiot 2\code\STM32\USER\nb.uvprojx
Project File Date:  04/11/2021

<h2>Output:</h2>
*** Using Compiler 'V5.06 update 5 (build 528)', folder: 'C:\Keil_v5\ARM\ARMCC\Bin'
Build target 'BC35'
compiling adc.c...
..\HARDWARE\ADCS\adc.h(12): warning:  #1295-D: Deprecated declaration GP2Y_datajudge - give arg types
  float GP2Y_datajudge();
..\HARDWARE\ADCS\adc.h(13): warning:  #1295-D: Deprecated declaration GP2Y_LED_Init - give arg types
  void GP2Y_LED_Init();
..\HARDWARE\ADCS\adc.h(14): warning:  #1295-D: Deprecated declaration MQ7_datajudege - give arg types
  u16 MQ7_datajudege();
..\HARDWARE\ADCS\adc.h(15): warning:  #1295-D: Deprecated declaration MQ131_datajudege - give arg types
  u16 MQ131_datajudege();
..\HARDWARE\ADCS\adc.c: 4 warnings, 0 errors
compiling main.c...
..\HARDWARE\SGP30\sgp30.h(23): warning:  #1295-D: Deprecated declaration SGP30_datajudge - give arg types
  u16 SGP30_datajudge();
..\HARDWARE\ADCS\adc.h(12): warning:  #1295-D: Deprecated declaration GP2Y_datajudge - give arg types
  float GP2Y_datajudge();
..\HARDWARE\ADCS\adc.h(13): warning:  #1295-D: Deprecated declaration GP2Y_LED_Init - give arg types
  void GP2Y_LED_Init();
..\HARDWARE\ADCS\adc.h(14): warning:  #1295-D: Deprecated declaration MQ7_datajudege - give arg types
  u16 MQ7_datajudege();
..\HARDWARE\ADCS\adc.h(15): warning:  #1295-D: Deprecated declaration MQ131_datajudege - give arg types
  u16 MQ131_datajudege();
main.c(77): warning:  #167-D: argument of type "char *" is incompatible with parameter of type "u8 *"
                  Gui_DrawFont_GBK16(0,0,
LUE,
HITE,buff);
main.c(80): warning:  #167-D: argument of type "char *" is incompatible with parameter of type "u8 *"
                  Gui_DrawFont_GBK16(0,20,
LUE,
HITE,buff);
main.c(86): warning:  #167-D: argument of type "char *" is incompatible with parameter of type "u8 *"
  						Gui_DrawFont_GBK16(0,40,
LUE,
HITE,buff);
main.c(90): warning:  #167-D: argument of type "char *" is incompatible with parameter of type "u8 *"
  						Gui_DrawFont_GBK16(0,60,
LUE,
HITE,buff);
main.c(94): warning:  #167-D: argument of type "char *" is incompatible with parameter of type "u8 *"
  						Gui_DrawFont_GBK16(0,80,
LUE,
HITE,buff);
main.c(98): warning:  #167-D: argument of type "char *" is incompatible with parameter of type "u8 *"
  						Gui_DrawFont_GBK16(0,100,
LUE,
HITE,buff);
main.c: 11 warnings, 0 errors
linking...
Program Size: Code=34450 RO-data=8846 RW-data=64 ZI-data=17488  
FromELF: creating hex file...
"..\OBJ\nb.axf" - 0 Error(s), 15 Warning(s).

<h2>Software Packages used:</h2>

Package Vendor: Keil
                http://www.keil.com/pack/Keil.STM32F1xx_DFP.2.2.0.pack
                Keil.STM32F1xx_DFP.2.2.0
                STMicroelectronics STM32F1 Series Device Support, Drivers and Examples

<h2>Collection of Component include folders:</h2>
  .\RTE\_BC35
  C:\Keil_v5\ARM\PACK\Keil\STM32F1xx_DFP\2.2.0\Device\Include

<h2>Collection of Component Files used:</h2>
Build Time Elapsed:  00:00:01
</pre>
</body>
</html>
