Component: ARM Compiler 5.06 update 5 (build 528) Tool: armlink [4d35e2]

==============================================================================

Section Cross References

    main.o(.text) refers to _printf_percent.o(.ARM.Collect$$_printf_percent$$00000000) for _printf_percent
    main.o(.text) refers to _printf_d.o(.ARM.Collect$$_printf_percent$$00000009) for _printf_d
    main.o(.text) refers to _printf_dec.o(.text) for _printf_int_dec
    main.o(.text) refers to _printf_f.o(.ARM.Collect$$_printf_percent$$00000003) for _printf_f
    main.o(.text) refers to printf1.o(x$fpl$printf1) for _printf_fp_dec
    main.o(.text) refers to delay.o(.text) for delay_init
    main.o(.text) refers to misc.o(.text) for NVIC_PriorityGroupConfig
    main.o(.text) refers to buzzer.o(.text) for Buzzer_Init
    main.o(.text) refers to led.o(.text) for LED_Init
    main.o(.text) refers to lcd_driver.o(.text) for Lcd_Init
    main.o(.text) refers to adc.o(.text) for Adc_Init
    main.o(.text) refers to dht11.o(.text) for DHT11_Init
    main.o(.text) refers to sgp30.o(.text) for SGP30_Init
    main.o(.text) refers to usart.o(.text) for uart1_init
    main.o(.text) refers to w25qxx.o(.text) for W25QXX_Init
    main.o(.text) refers to usart3.o(.text) for uart3_init
    main.o(.text) refers to rt_memclr_w.o(.text) for __aeabi_memclr4
    main.o(.text) refers to nb.o(.text) for NB_init
    main.o(.text) refers to __2sprintf.o(.text) for __2sprintf
    main.o(.text) refers to gui.o(.text) for Gui_DrawFont_GBK16
    main.o(.text) refers to f2d.o(x$fpl$f2d) for __aeabi_f2d
    main.o(.text) refers to http.o(.text) for HTTP_Post_OneNet
    system_stm32f10x.o(.text) refers to system_stm32f10x.o(.data) for SystemCoreClock
    led.o(.text) refers to stm32f10x_rcc.o(.text) for RCC_APB2PeriphClockCmd
    led.o(.text) refers to stm32f10x_gpio.o(.text) for GPIO_Init
    key.o(.text) refers to stm32f10x_rcc.o(.text) for RCC_APB2PeriphClockCmd
    key.o(.text) refers to stm32f10x_gpio.o(.text) for GPIO_Init
    key.o(.text) refers to delay.o(.text) for delay_ms
    spi.o(.text) refers to stm32f10x_spi.o(.text) for SPI_I2S_GetFlagStatus
    spi.o(.text) refers to stm32f10x_rcc.o(.text) for RCC_APB2PeriphClockCmd
    spi.o(.text) refers to stm32f10x_gpio.o(.text) for GPIO_Init
    w25qxx.o(.text) refers to _printf_pad.o(.text) for _printf_pre_padding
    w25qxx.o(.text) refers to _printf_percent.o(.ARM.Collect$$_printf_percent$$00000000) for _printf_percent
    w25qxx.o(.text) refers to _printf_x.o(.ARM.Collect$$_printf_percent$$0000000C) for _printf_x
    w25qxx.o(.text) refers to _printf_hex_int_ll_ptr.o(.text) for _printf_longlong_hex
    w25qxx.o(.text) refers to spi.o(.text) for SPI1_ReadWriteByte
    w25qxx.o(.text) refers to __2printf.o(.text) for __2printf
    w25qxx.o(.text) refers to stm32f10x_rcc.o(.text) for RCC_APB2PeriphClockCmd
    w25qxx.o(.text) refers to stm32f10x_gpio.o(.text) for GPIO_Init
    w25qxx.o(.text) refers to delay.o(.text) for delay_us
    w25qxx.o(.text) refers to w25qxx.o(.data) for W25QXX_TYPE
    w25qxx.o(.text) refers to w25qxx.o(.bss) for W25QXX_BUFFER
    gui.o(.text) refers to lcd_driver.o(.text) for Gui_DrawPoint
    gui.o(.text) refers to gui.o(.constdata) for asc16
    lcd_driver.o(.text) refers to stm32f10x_rcc.o(.text) for RCC_APB2PeriphClockCmd
    lcd_driver.o(.text) refers to stm32f10x_gpio.o(.text) for GPIO_Init
    lcd_driver.o(.text) refers to delay.o(.text) for delay_ms
    nb.o(.text) refers to _printf_percent.o(.ARM.Collect$$_printf_percent$$00000000) for _printf_percent
    nb.o(.text) refers to _printf_d.o(.ARM.Collect$$_printf_percent$$00000009) for _printf_d
    nb.o(.text) refers to _printf_dec.o(.text) for _printf_int_dec
    nb.o(.text) refers to _printf_s.o(.ARM.Collect$$_printf_percent$$00000014) for _printf_s
    nb.o(.text) refers to _printf_str.o(.text) for _printf_str
    nb.o(.text) refers to rt_memclr_w.o(.text) for __aeabi_memclr4
    nb.o(.text) refers to c89vsprintf.o(.text) for __c89vsprintf
    nb.o(.text) refers to strlen.o(.text) for strlen
    nb.o(.text) refers to usart.o(.text) for uart1_send_buff
    nb.o(.text) refers to delay.o(.text) for delay_ms
    nb.o(.text) refers to rt_memclr.o(.text) for __aeabi_memclr
    nb.o(.text) refers to rt_memcpy_v6.o(.text) for __aeabi_memcpy
    nb.o(.text) refers to stm32f10x_rcc.o(.text) for RCC_APB2PeriphClockCmd
    nb.o(.text) refers to stm32f10x_gpio.o(.text) for GPIO_Init
    nb.o(.text) refers to usart3.o(.text) for USART3_send_buff
    nb.o(.text) refers to __2printf.o(.text) for __2printf
    nb.o(.text) refers to __2sprintf.o(.text) for __2sprintf
    nb.o(.text) refers to strstr.o(.text) for strstr
    nb.o(.text) refers to atoi.o(.text) for atoi
    nb.o(.text) refers to nb.o(.bss) for nb
    nb.o(.text) refers to nb.o(.data) for lastCH
    nb.o(.text) refers to rt_memcpy_w.o(.text) for __aeabi_memcpy4
    nb.o(.text) refers to http.o(.text) for NB_RxData
[...]
    __rt_lib_init_stdio_1                    0x08000253   Thumb Code     0  libinit2.o(.ARM.Collect$$libinit$$00000025)
    __rt_lib_shutdown                        0x08000255   Thumb Code     0  libshutdown.o(.ARM.Collect$$libshutdown$$00000000)
    __rt_lib_shutdown_cpp_1                  0x08000257   Thumb Code     0  libshutdown2.o(.ARM.Collect$$libshutdown$$00000002)
    __rt_lib_shutdown_fp_trap_1              0x08000257   Thumb Code     0  libshutdown2.o(.ARM.Collect$$libshutdown$$00000007)
    __rt_lib_shutdown_heap_1                 0x08000257   Thumb Code     0  libshutdown2.o(.ARM.Collect$$libshutdown$$0000000F)
    __rt_lib_shutdown_return                 0x08000257   Thumb Code     0  libshutdown2.o(.ARM.Collect$$libshutdown$$00000010)
    __rt_lib_shutdown_signal_1               0x08000257   Thumb Code     0  libshutdown2.o(.ARM.Collect$$libshutdown$$0000000A)
    __rt_lib_shutdown_stdio_1                0x08000257   Thumb Code     0  libshutdown2.o(.ARM.Collect$$libshutdown$$00000004)
    __rt_lib_shutdown_user_alloc_1           0x08000257   Thumb Code     0  libshutdown2.o(.ARM.Collect$$libshutdown$$0000000C)
    __rt_entry                               0x08000259   Thumb Code     0  __rtentry.o(.ARM.Collect$$rtentry$$00000000)
    __rt_entry_presh_1                       0x08000259   Thumb Code     0  __rtentry2.o(.ARM.Collect$$rtentry$$00000002)
    __rt_entry_sh                            0x08000259   Thumb Code     0  __rtentry4.o(.ARM.Collect$$rtentry$$00000004)
    __rt_entry_li                            0x0800025f   Thumb Code     0  __rtentry2.o(.ARM.Collect$$rtentry$$0000000A)
    __rt_entry_postsh_1                      0x0800025f   Thumb Code     0  __rtentry2.o(.ARM.Collect$$rtentry$$00000009)
    __rt_entry_main                          0x08000263   Thumb Code     0  __rtentry2.o(.ARM.Collect$$rtentry$$0000000D)
    __rt_entry_postli_1                      0x08000263   Thumb Code     0  __rtentry2.o(.ARM.Collect$$rtentry$$0000000C)
    __rt_exit                                0x0800026b   Thumb Code     0  rtexit.o(.ARM.Collect$$rtexit$$00000000)
    __rt_exit_ls                             0x0800026d   Thumb Code     0  rtexit2.o(.ARM.Collect$$rtexit$$00000003)
    __rt_exit_prels_1                        0x0800026d   Thumb Code     0  rtexit2.o(.ARM.Collect$$rtexit$$00000002)
    __rt_exit_exit                           0x08000271   Thumb Code     0  rtexit2.o(.ARM.Collect$$rtexit$$00000004)
    STM32_Init                               0x08000279   Thumb Code    64  main.o(.text)
    main                                     0x080002b9   Thumb Code   380  main.o(.text)
    NMI_Handler                              0x080004f9   Thumb Code     2  stm32f10x_it.o(.text)
    HardFault_Handler                        0x080004fb   Thumb Code     4  stm32f10x_it.o(.text)
    MemManage_Handler                        0x080004ff   Thumb Code     4  stm32f10x_it.o(.text)
    BusFault_Handler                         0x08000503   Thumb Code     4  stm32f10x_it.o(.text)
    UsageFault_Handler                       0x08000507   Thumb Code     4  stm32f10x_it.o(.text)
    SVC_Handler                              0x0800050b   Thumb Code     2  stm32f10x_it.o(.text)
    DebugMon_Handler                         0x0800050d   Thumb Code     2  stm32f10x_it.o(.text)
    PendSV_Handler                           0x0800050f   Thumb Code     2  stm32f10x_it.o(.text)
    SysTick_Handler                          0x08000511   Thumb Code     2  stm32f10x_it.o(.text)
    SystemInit                               0x080005f3   Thumb Code    78  system_stm32f10x.o(.text)
    SystemCoreClockUpdate                    0x08000641   Thumb Code   142  system_stm32f10x.o(.text)
    LED_Init                                 0x080006f5   Thumb Code   122  led.o(.text)
    led1On                                   0x0800076f   Thumb Code    20  led.o(.text)
    led2On                                   0x08000783   Thumb Code    20  led.o(.text)
    led3On                                   0x08000797   Thumb Code    20  led.o(.text)
    SPI1_ReadWriteByte                       0x080007c5   Thumb Code    78  spi.o(.text)
    SPI1_Init                                0x08000813   Thumb Code   136  spi.o(.text)
    SPI1_SetSpeed                            0x0800089b   Thumb Code    36  spi.o(.text)
    W25QXX_ReadID                            0x080008c9   Thumb Code    72  w25qxx.o(.text)
    W25QXX_Init                              0x08000911   Thumb Code    68  w25qxx.o(.text)
    W25QXX_ReadSR                            0x08000955   Thumb Code    36  w25qxx.o(.text)
    W25QXX_Write_SR                          0x08000979   Thumb Code    32  w25qxx.o(.text)
    W25QXX_Write_Enable                      0x08000999   Thumb Code    24  w25qxx.o(.text)
    W25QXX_Write_Disable                     0x080009b1   Thumb Code    24  w25qxx.o(.text)
    W25QXX_Read                              0x080009c9   Thumb Code    74  w25qxx.o(.text)
    W25QXX_Wait_Busy                         0x08000a13   Thumb Code    18  w25qxx.o(.text)
    W25QXX_Write_Page                        0x08000a25   Thumb Code    80  w25qxx.o(.text)
    W25QXX_Write_NoCheck                     0x08000a75   Thumb Code    70  w25qxx.o(.text)
    W25QXX_Erase_Sector                      0x08000abb   Thumb Code    70  w25qxx.o(.text)
    W25QXX_Write                             0x08000b01   Thumb Code   180  w25qxx.o(.text)
    W25QXX_Erase_Chip                        0x08000bb5   Thumb Code    36  w25qxx.o(.text)
    W25QXX_PowerDown                         0x08000bd9   Thumb Code    30  w25qxx.o(.text)
    W25QXX_WAKEUP                            0x08000bf7   Thumb Code    30  w25qxx.o(.text)
    LCD_BGR2RGB                              0x08000c41   Thumb Code    26  gui.o(.text)
    Gui_Circle                               0x08000c5b   Thumb Code   300  gui.o(.text)
    Gui_DrawLine                             0x08000d87   Thumb Code   186  gui.o(.text)
    Gui_box                                  0x08000e41   Thumb Code   188  gui.o(.text)
    Gui_box2                                 0x08000efd   Thumb Code   386  gui.o(.text)
    DisplayButtonDown                        0x0800107f   Thumb Code   130  gui.o(.text)
    DisplayButtonUp                          0x08001101   Thumb Code   130  gui.o(.text)
    Gui_DrawFont_GBK16                       0x08001183   Thumb Code   394  gui.o(.text)
    Gui_DrawFont_GBK24                       0x0800130d   Thumb Code   486  gui.o(.text)
    Gui_DrawFont_Num32                       0x080014f3   Thumb Code   124  gui.o(.text)
    LCD_P6x8Str                              0x0800156f   Thumb Code   160  gui.o(.text)
    LCD_DrawFont_GBK16_line                  0x0800160f   Thumb Code    48  gui.o(.text)
    LCD_DrawFont_GBK16_updata                0x0800163f   Thumb Code    40  gui.o(.text)
    LCD_P6x8Str_line                         0x08001667   Thumb Code    48  gui.o(.text)
    LCD_P6x8Str_updata                       0x08001697   Thumb Code    40  gui.o(.text)
    LCD_GPIO_Init                            0x080016c1   Thumb Code    66  lcd_driver.o(.text)
    SPI_WriteData                            0x08001703   Thumb Code    62  lcd_driver.o(.text)
    Lcd_WriteIndex                           0x08001741   Thumb Code    18  lcd_driver.o(.text)
    Lcd_WriteData                            0x08001753   Thumb Code    18  lcd_driver.o(.text)
    LCD_WriteData_16Bit                      0x08001765   Thumb Code    24  lcd_driver.o(.text)
    Lcd_WriteReg                             0x0800177d   Thumb Code    20  lcd_driver.o(.text)
    Lcd_Reset                                0x08001791   Thumb Code    36  lcd_driver.o(.text)
    Lcd_Updata                               0x080017b5   Thumb Code     2  lcd_driver.o(.text)
    Lcd_SetRegion                            0x080017b7   Thumb Code    86  lcd_driver.o(.text)
    Lcd_Clear                                0x0800180d   Thumb Code    50  lcd_driver.o(.text)
    Lcd_Blk                                  0x0800183f   Thumb Code    20  lcd_driver.o(.text)
    Lcd_Init                                 0x08001853   Thumb Code   564  lcd_driver.o(.text)
    Lcd_SetXY                                0x08001a87   Thumb Code    20  lcd_driver.o(.text)
    Gui_DrawPoint                            0x08001a9b   Thumb Code    54  lcd_driver.o(.text)
    Lcd_ReadPoint                            0x08001ad1   Thumb Code    24  lcd_driver.o(.text)
    Lcd_ClearRect                            0x08001ae9   Thumb Code    68  lcd_driver.o(.text)
    NB_Printf                                0x08001b2d   Thumb Code    64  nb.o(.text)
    NB_ms                                    0x08001b6d   Thumb Code    12  nb.o(.text)
    changeLine                               0x08001b79   Thumb Code    82  nb.o(.text)
    AddUartChar                              0x08001bcb   Thumb Code   110  nb.o(.text)
    NB_GetLine                               0x08001c39   Thumb Code   280  nb.o(.text)
    NB_InsertSocketAndLen                    0x08001d51   Thumb Code    38  nb.o(.text)
    NB_GetRxSocketAndLen                     0x08001d77   Thumb Code   116  nb.o(.text)
    NB_powerOn                               0x08001deb   Thumb Code    74  nb.o(.text)
    writeAtPrintf                            0x08001e35   Thumb Code    64  nb.o(.text)
    writeAtCmd                               0x08001e75   Thumb Code    38  nb.o(.text)
    NB_CloseSocket                           0x08001e9b   Thumb Code    64  nb.o(.text)
    NB_parseSocketClose                      0x08001edb   Thumb Code    88  nb.o(.text)
    NB_parseReceiveCommand                   0x08001f33   Thumb Code   318  nb.o(.text)
    NB_parseCheckAttach                      0x08002071   Thumb Code    68  nb.o(.text)
    NB_parseGetLocalIp                       0x080020b5   Thumb Code   122  nb.o(.text)
    NB_parseNBand                            0x0800212f   Thumb Code    68  nb.o(.text)
    NB_parseSignallingConnectionStatus       0x08002173   Thumb Code    68  nb.o(.text)
    NB_parseRegistrationStatus               0x080021b7   Thumb Code    88  nb.o(.text)
    NB_parseImsi                             0x0800220f   Thumb Code    70  nb.o(.text)
    NB_parseImei                             0x08002255   Thumb Code    84  nb.o(.text)
    NB_parseCsq                              0x080022a9   Thumb Code    68  nb.o(.text)
    NB_parseOperator                         0x080022ed   Thumb Code   138  nb.o(.text)
    NB_parseDefaultMsg                       0x08002377   Thumb Code   172  nb.o(.text)
    NB_SendAT                                0x08002423   Thumb Code   248  nb.o(.text)
    NB_parseSn                               0x0800251b   Thumb Code    58  nb.o(.text)
    NB_CheckCops                             0x08002555   Thumb Code    48  nb.o(.text)
    NB_SetNetWork                            0x08002585   Thumb Code    88  nb.o(.text)
    NB_CheckCSQ                              0x080025dd   Thumb Code    12  nb.o(.text)
    NB_GetSn                                 0x080025e9   Thumb Code   148  nb.o(.text)
    NB_GetImei                               0x0800267d   Thumb Code    48  nb.o(.text)
    NB_GetImsi                               0x080026ad   Thumb Code    48  nb.o(.text)
    NB_GetNetworkRegistrationStatus          0x080026dd   Thumb Code    12  nb.o(.text)
    NB_CheckAttach                           0x080026e9   Thumb Code    46  nb.o(.text)
    NB_Attach                                0x08002717   Thumb Code    60  nb.o(.text)
    NB_CreateSocket                          0x08002753   Thumb Code   138  nb.o(.text)
    NB_CreateConnect                         0x080027dd   Thumb Code   140  nb.o(.text)
    Reboot                                   0x08002869   Thumb Code    12  nb.o(.text)
    NB_CycleCheck                            0x08002875   Thumb Code    16  nb.o(.text)
    NumberToLetter                           0x08002885   Thumb Code   400  nb.o(.text)
    AscllToHex                               0x08002a15   Thumb Code    98  nb.o(.text)
    LetterToNumber                           0x08002a77   Thumb Code    48  nb.o(.text)
    HexToAscll                               0x08002aa7   Thumb Code    80  nb.o(.text)
    NB_SendData                              0x08002af7   Thumb Code   208  nb.o(.text)
    NB_GetData                               0x08002bc7   Thumb Code   396  nb.o(.text)
    NB_close                                 0x08002d53   Thumb Code     2  nb.o(.text)
    NB_init                                  0x08002d55   Thumb Code   134  nb.o(.text)
    Buzzer_Init                              0x08002e9d   Thumb Code    46  buzzer.o(.text)
    Buzzer_on                                0x08002ecb   Thumb Code    20  buzzer.o(.text)
    Buzzer_flash                             0x08002edf   Thumb Code    22  buzzer.o(.text)
    DHT11_Rst                                0x08002efd   Thumb Code    52  dht11.o(.text)
    DHT11_Check                              0x08002f31   Thumb Code    96  dht11.o(.text)
    DHT11_Read_Bit                           0x08002f91   Thumb Code    76  dht11.o(.text)
    DHT11_Read_Byte                          0x08002fdd   Thumb Code    30  dht11.o(.text)
    DHT11                                    0x08002ffb   Thumb Code    88  dht11.o(.text)
    DHT11_Init                               0x08003053   Thumb Code    54  dht11.o(.text)
    Adc_Init                                 0x08003095   Thumb Code   132  adc.o(.text)
    Get_Adc                                  0x08003119   Thumb Code    46  adc.o(.text)
    Get_Adc_Average                          0x08003147   Thumb Code    46  adc.o(.text)
    GP2Y_LED_Init                            0x08003175   Thumb Code    50  adc.o(.text)
    GP2Y_datajudge                           0x080031a7   Thumb Code   138  adc.o(.text)
    MQ131_PPM_Calibration                    0x08003231   Thumb Code    54  adc.o(.text)
    MQ131_datajudege                         0x08003267   Thumb Code   182  adc.o(.text)
    MQ7_PPM_Calibration                      0x0800331d   Thumb Code    54  adc.o(.text)
    MQ7_datajudege                           0x08003353   Thumb Code   182  adc.o(.text)
    SDA_OUT                                  0x08003471   Thumb Code    32  sgp30.o(.text)
    SGP30_IIC_Stop                           0x08003491   Thumb Code    44  sgp30.o(.text)
    SGP30_IIC_Ack                            0x080034bd   Thumb Code    48  sgp30.o(.text)
    SGP30_IIC_NAck                           0x080034ed   Thumb Code    48  sgp30.o(.text)
    SDA_IN                                   0x0800351d   Thumb Code    32  sgp30.o(.text)
    SGP30_IIC_Read_Byte                      0x0800353d   Thumb Code    88  sgp30.o(.text)
    SGP30_IIC_Wait_Ack                       0x08003595   Thumb Code    76  sgp30.o(.text)
    SGP30_IIC_Send_Byte                      0x080035e1   Thumb Code    92  sgp30.o(.text)
    SGP30_IIC_Start                          0x0800363d   Thumb Code    50  sgp30.o(.text)
    SGP30_Read                               0x0800366f   Thumb Code    72  sgp30.o(.text)
    SGP30_Write                              0x080036b7   Thumb Code    52  sgp30.o(.text)
    SGP30_datajudge                          0x080036eb   Thumb Code    30  sgp30.o(.text)
    SGP30_GPIO_Init                          0x08003709   Thumb Code    56  sgp30.o(.text)
    SGP30_Init                               0x08003741   Thumb Code    16  sgp30.o(.text)
    delay_init                               0x0800375d   Thumb Code    50  delay.o(.text)
    delay_us                                 0x0800378f   Thumb Code    72  delay.o(.text)
    delay_ms                                 0x080037d7   Thumb Code    72  delay.o(.text)
    _sys_exit                                0x08003831   Thumb Code     6  usart.o(.text)
    fputc                                    0x08003837   Thumb Code    24  usart.o(.text)
    _ttywrch                                 0x0800384f   Thumb Code     6  usart.o(.text)
    uart1_init                               0x08003855   Thumb Code   152  usart.o(.text)
    USART1_IRQHandler                        0x080038ed   Thumb Code    24  usart.o(.text)
    uart1_send_char                          0x08003905   Thumb Code    28  usart.o(.text)
    uart1_send_buff                          0x08003921   Thumb Code    24  usart.o(.text)
    uart2_485_init                           0x08003941   Thumb Code    44  usart2.o(.text)
    uart2_init                               0x0800396d   Thumb Code   158  usart2.o(.text)
    USART2_IRQHandler                        0x08003a0b   Thumb Code    24  usart2.o(.text)
    USART2_send_char                         0x08003a23   Thumb Code    28  usart2.o(.text)
    USART2_send_buff                         0x08003a3f   Thumb Code    24  usart2.o(.text)
    Set485Mode                               0x08003a57   Thumb Code    20  usart2.o(.text)
    uart3_init                               0x08003a7d   Thumb Code   158  usart3.o(.text)
    USART3_IRQHandler                        0x08003b1b   Thumb Code    30  usart3.o(.text)
    USART3_send_char                         0x08003b39   Thumb Code    28  usart3.o(.text)
    USART3_send_buff                         0x08003b55   Thumb Code    24  usart3.o(.text)
    Reset_Handler                            0x08003b75   Thumb Code     8  startup_stm32f10x_hd.o(.text)
    ADC1_2_IRQHandler                        0x08003b8f   Thumb Code     0  startup_stm32f10x_hd.o(.text)
    ADC3_IRQHandler                          0x08003b8f   Thumb Code     0  startup_stm32f10x_hd.o(.text)
    CAN1_RX1_IRQHandler                      0x08003b8f   Thumb Code     0  startup_stm32f10x_hd.o(.text)
    CAN1_SCE_IRQHandler                      0x08003b8f   Thumb Code     0  startup_stm32f10x_hd.o(.text)
    DMA1_Channel1_IRQHandler                 0x08003b8f   Thumb Code     0  startup_stm32f10x_hd.o(.text)
    DMA1_Channel2_IRQHandler                 0x08003b8f   Thumb Code     0  startup_stm32f10x_hd.o(.text)
    DMA1_Channel3_IRQHandler                 0x08003b8f   Thumb Code     0  startup_stm32f10x_hd.o(.text)
    DMA1_Channel4_IRQHandler                 0x08003b8f   Thumb Code     0  startup_stm32f10x_hd.o(.text)
    DMA1_Channel5_IRQHandler                 0x08003b8f   Thumb Code     0  startup_stm32f10x_hd.o(.text)
    DMA1_Channel6_IRQHandler                 0x08003b8f   Thumb Code     0  startup_stm32f10x_hd.o(.text)
    DMA1_Channel7_IRQHandler                 0x08003b8f   Thumb Code     0  startup_stm32f10x_hd.o(.text)
    DMA2_Channel1_IRQHandler                 0x08003b8f   Thumb Code     0  startup_stm32f10x_hd.o(.text)
    DMA2_Channel2_IRQHandler                 0x08003b8f   Thumb Code     0  startup_stm32f10x_hd.o(.text)
    DMA2_Channel3_IRQHandler                 0x08003b8f   Thumb Code     0  startup_stm32f10x_hd.o(.text)
    DMA2_Channel4_5_IRQHandler               0x08003b8f   Thumb Code     0  startup_stm32f10x_hd.o(.text)
    EXTI0_IRQHandler                         0x08003b8f   Thumb Code     0  startup_stm32f10x_hd.o(.text)
    EXTI15_10_IRQHandler                     0x08003b8f   Thumb Code     0  startup_stm32f10x_hd.o(.text)
    EXTI1_IRQHandler                         0x08003b8f   Thumb Code     0  startup_stm32f10x_hd.o(.text)
    EXTI2_IRQHandler                         0x08003b8f   Thumb Code     0  startup_stm32f10x_hd.o(.text)
    EXTI3_IRQHandler                         0x08003b8f   Thumb Code     0  startup_stm32f10x_hd.o(.text)
    EXTI4_IRQHandler                         0x08003b8f   Thumb Code     0  startup_stm32f10x_hd.o(.text)
    EXTI9_5_IRQHandler                       0x08003b8f   Thumb Code     0  startup_stm32f10x_hd.o(.text)
    FLASH_IRQHandler                         0x08003b8f   Thumb Code     0  startup_stm32f10x_hd.o(.text)
    FSMC_IRQHandler                          0x08003b8f   Thumb Code     0  startup_stm32f10x_hd.o(.text)
    I2C1_ER_IRQHandler                       0x08003b8f   Thumb Code     0  startup_stm32f10x_hd.o(.text)
    I2C1_EV_IRQHandler                       0x08003b8f   Thumb Code     0  startup_stm32f10x_hd.o(.text)
    I2C2_ER_IRQHandler                       0x08003b8f   Thumb Code     0  startup_stm32f10x_hd.o(.text)
    I2C2_EV_IRQHandler                       0x08003b8f   Thumb Code     0  startup_stm32f10x_hd.o(.text)
    PVD_IRQHandler                           0x08003b8f   Thumb Code     0  startup_stm32f10x_hd.o(.text)
    RCC_IRQHandler                           0x08003b8f   Thumb Code     0  startup_stm32f10x_hd.o(.text)
    RTCAlarm_IRQHandler                      0x08003b8f   Thumb Code     0  startup_stm32f10x_hd.o(.text)
    RTC_IRQHandler                           0x08003b8f   Thumb Code     0  startup_stm32f10x_hd.o(.text)
    SDIO_IRQHandler                          0x08003b8f   Thumb Code     0  startup_stm32f10x_hd.o(.text)
    SPI1_IRQHandler                          0x08003b8f   Thumb Code     0  startup_stm32f10x_hd.o(.text)
    SPI2_IRQHandler                          0x08003b8f   Thumb Code     0  startup_stm32f10x_hd.o(.text)
    SPI3_IRQHandler                          0x08003b8f   Thumb Code     0  startup_stm32f10x_hd.o(.text)
    TAMPER_IRQHandler                        0x08003b8f   Thumb Code     0  startup_stm32f10x_hd.o(.text)
    TIM1_BRK_IRQHandler                      0x08003b8f   Thumb Code     0  startup_stm32f10x_hd.o(.text)
    TIM1_CC_IRQHandler                       0x08003b8f   Thumb Code     0  startup_stm32f10x_hd.o(.text)
    TIM1_TRG_COM_IRQHandler                  0x08003b8f   Thumb Code     0  startup_stm32f10x_hd.o(.text)
    TIM1_UP_IRQHandler                       0x08003b8f   Thumb Code     0  startup_stm32f10x_hd.o(.text)
    TIM2_IRQHandler                          0x08003b8f   Thumb Code     0  startup_stm32f10x_hd.o(.text)
    TIM3_IRQHandler                          0x08003b8f   Thumb Code     0  startup_stm32f10x_hd.o(.text)
    TIM4_IRQHandler                          0x08003b8f   Thumb Code     0  startup_stm32f10x_hd.o(.text)
    TIM5_IRQHandler                          0x08003b8f   Thumb Code     0  startup_stm32f10x_hd.o(.text)
    TIM6_IRQHandler                          0x08003b8f   Thumb Code     0  startup_stm32f10x_hd.o(.text)
    TIM7_IRQHandler                          0x08003b8f   Thumb Code     0  startup_stm32f10x_hd.o(.text)
    TIM8_BRK_IRQHandler                      0x08003b8f   Thumb Code     0  startup_stm32f10x_hd.o(.text)
    TIM8_CC_IRQHandler                       0x08003b8f   Thumb Code     0  startup_stm32f10x_hd.o(.text)
    TIM8_TRG_COM_IRQHandler                  0x08003b8f   Thumb Code     0  startup_stm32f10x_hd.o(.text)
    TIM8_UP_IRQHandler                       0x08003b8f   Thumb Code     0  startup_stm32f10x_hd.o(.text)
    UART4_IRQHandler                         0x08003b8f   Thumb Code     0  startup_stm32f10x_hd.o(.text)
    UART5_IRQHandler                         0x08003b8f   Thumb Code     0  startup_stm32f10x_hd.o(.text)
    USBWakeUp_IRQHandler                     0x08003b8f   Thumb Code     0  startup_stm32f10x_hd.o(.text)
    USB_HP_CAN1_TX_IRQHandler                0x08003b8f   Thumb Code     0  startup_stm32f10x_hd.o(.text)
    USB_LP_CAN1_RX0_IRQHandler               0x08003b8f   Thumb Code     0  startup_stm32f10x_hd.o(.text)
    WWDG_IRQHandler                          0x08003b8f   Thumb Code     0  startup_stm32f10x_hd.o(.text)
    __user_initial_stackheap                 0x08003b91   Thumb Code     0  startup_stm32f10x_hd.o(.text)
    NVIC_PriorityGroupConfig                 0x08003bb5   Thumb Code    10  misc.o(.text)
    NVIC_Init                                0x08003bbf   Thumb Code   100  misc.o(.text)
    NVIC_SetVectorTable                      0x08003c23   Thumb Code    14  misc.o(.text)
    NVIC_SystemLPConfig                      0x08003c31   Thumb Code    34  misc.o(.text)
    SysTick_CLKSourceConfig                  0x08003c53   Thumb Code    40  misc.o(.text)
    GPIO_DeInit                              0x08003c91   Thumb Code   172  stm32f10x_gpio.o(.text)
    GPIO_AFIODeInit                          0x08003d3d   Thumb Code    20  stm32f10x_gpio.o(.text)
    GPIO_Init                                0x08003d51   Thumb Code   278  stm32f10x_gpio.o(.text)
    GPIO_StructInit                          0x08003e67   Thumb Code    16  stm32f10x_gpio.o(.text)
    GPIO_ReadInputDataBit                    0x08003e77   Thumb Code    18  stm32f10x_gpio.o(.text)
    GPIO_ReadInputData                       0x08003e89   Thumb Code     8  stm32f10x_gpio.o(.text)
    GPIO_ReadOutputDataBit                   0x08003e91   Thumb Code    18  stm32f10x_gpio.o(.text)
    GPIO_ReadOutputData                      0x08003ea3   Thumb Code     8  stm32f10x_gpio.o(.text)
    GPIO_SetBits                             0x08003eab   Thumb Code     4  stm32f10x_gpio.o(.text)
    GPIO_ResetBits                           0x08003eaf   Thumb Code     4  stm32f10x_gpio.o(.text)
    GPIO_WriteBit                            0x08003eb3   Thumb Code    10  stm32f10x_gpio.o(.text)
    GPIO_Write                               0x08003ebd   Thumb Code     4  stm32f10x_gpio.o(.text)
    GPIO_PinLockConfig                       0x08003ec1   Thumb Code    18  stm32f10x_gpio.o(.text)
    GPIO_EventOutputConfig                   0x08003ed3   Thumb Code    26  stm32f10x_gpio.o(.text)
    GPIO_EventOutputCmd                      0x08003eed   Thumb Code     6  stm32f10x_gpio.o(.text)
    GPIO_PinRemapConfig                      0x08003ef3   Thumb Code   138  stm32f10x_gpio.o(.text)
    GPIO_EXTILineConfig                      0x08003f7d   Thumb Code    66  stm32f10x_gpio.o(.text)
    GPIO_ETH_MediaInterfaceConfig            0x08003fbf   Thumb Code     8  stm32f10x_gpio.o(.text)
    RCC_DeInit                               0x08003fed   Thumb Code    64  stm32f10x_rcc.o(.text)
    RCC_HSEConfig                            0x0800402d   Thumb Code    70  stm32f10x_rcc.o(.text)
    RCC_GetFlagStatus                        0x08004073   Thumb Code    56  stm32f10x_rcc.o(.text)
    RCC_WaitForHSEStartUp                    0x080040ab   Thumb Code    56  stm32f10x_rcc.o(.text)
    RCC_AdjustHSICalibrationValue            0x080040e3   Thumb Code    20  stm32f10x_rcc.o(.text)
    RCC_HSICmd                               0x080040f7   Thumb Code     6  stm32f10x_rcc.o(.text)
    RCC_PLLConfig                            0x080040fd   Thumb Code    24  stm32f10x_rcc.o(.text)
    RCC_PLLCmd                               0x08004115   Thumb Code     6  stm32f10x_rcc.o(.text)
    RCC_SYSCLKConfig                         0x0800411b   Thumb Code    18  stm32f10x_rcc.o(.text)
    RCC_GetSYSCLKSource                      0x0800412d   Thumb Code    10  stm32f10x_rcc.o(.text)
    RCC_HCLKConfig                           0x08004137   Thumb Code    18  stm32f10x_rcc.o(.text)
    RCC_PCLK1Config                          0x08004149   Thumb Code    18  stm32f10x_rcc.o(.text)
    RCC_PCLK2Config                          0x0800415b   Thumb Code    20  stm32f10x_rcc.o(.text)
    RCC_ITConfig                             0x0800416f   Thumb Code    26  stm32f10x_rcc.o(.text)
    RCC_USBCLKConfig                         0x08004189   Thumb Code     8  stm32f10x_rcc.o(.text)
    RCC_ADCCLKConfig                         0x08004191   Thumb Code    18  stm32f10x_rcc.o(.text)
    RCC_LSEConfig                            0x080041a3   Thumb Code    50  stm32f10x_rcc.o(.text)
    RCC_LSICmd                               0x080041d5   Thumb Code     6  stm32f10x_rcc.o(.text)
    RCC_RTCCLKConfig                         0x080041db   Thumb Code    12  stm32f10x_rcc.o(.text)
    RCC_RTCCLKCmd                            0x080041e7   Thumb Code     8  stm32f10x_rcc.o(.text)
    RCC_GetClocksFreq                        0x080041ef   Thumb Code   192  stm32f10x_rcc.o(.text)
    RCC_AHBPeriphClockCmd                    0x080042af   Thumb Code    26  stm32f10x_rcc.o(.text)
    RCC_APB2PeriphClockCmd                   0x080042c9   Thumb Code    26  stm32f10x_rcc.o(.text)
    RCC_APB1PeriphClockCmd                   0x080042e3   Thumb Code    26  stm32f10x_rcc.o(.text)
    RCC_APB2PeriphResetCmd                   0x080042fd   Thumb Code    26  stm32f10x_rcc.o(.text)
    RCC_APB1PeriphResetCmd                   0x08004317   Thumb Code    26  stm32f10x_rcc.o(.text)
    RCC_BackupResetCmd                       0x08004331   Thumb Code     8  stm32f10x_rcc.o(.text)
    RCC_ClockSecuritySystemCmd               0x08004339   Thumb Code     6  stm32f10x_rcc.o(.text)
    RCC_MCOConfig                            0x0800433f   Thumb Code     6  stm32f10x_rcc.o(.text)
    RCC_ClearFlag                            0x08004345   Thumb Code    14  stm32f10x_rcc.o(.text)
    RCC_GetITStatus                          0x08004353   Thumb Code    20  stm32f10x_rcc.o(.text)
    RCC_ClearITPendingBit                    0x08004367   Thumb Code     6  stm32f10x_rcc.o(.text)
    USART_DeInit                             0x08004391   Thumb Code   134  stm32f10x_usart.o(.text)
    USART_Init                               0x08004417   Thumb Code   210  stm32f10x_usart.o(.text)
    USART_StructInit                         0x080044e9   Thumb Code    24  stm32f10x_usart.o(.text)
    USART_ClockInit                          0x08004501   Thumb Code    34  stm32f10x_usart.o(.text)
    USART_ClockStructInit                    0x08004523   Thumb Code    12  stm32f10x_usart.o(.text)
    USART_Cmd                                0x0800452f   Thumb Code    24  stm32f10x_usart.o(.text)
    USART_ITConfig                           0x08004547   Thumb Code    74  stm32f10x_usart.o(.text)
    USART_DMACmd                             0x08004591   Thumb Code    18  stm32f10x_usart.o(.text)
    USART_SetAddress                         0x080045a3   Thumb Code    18  stm32f10x_usart.o(.text)
    USART_WakeUpConfig                       0x080045b5   Thumb Code    18  stm32f10x_usart.o(.text)
    USART_ReceiverWakeUpCmd                  0x080045c7   Thumb Code    24  stm32f10x_usart.o(.text)
    USART_LINBreakDetectLengthConfig         0x080045df   Thumb Code    18  stm32f10x_usart.o(.text)
    USART_LINCmd                             0x080045f1   Thumb Code    24  stm32f10x_usart.o(.text)
    USART_SendData                           0x08004609   Thumb Code     8  stm32f10x_usart.o(.text)
    USART_ReceiveData                        0x08004611   Thumb Code    10  stm32f10x_usart.o(.text)
    USART_SendBreak                          0x0800461b   Thumb Code    10  stm32f10x_usart.o(.text)
    USART_SetGuardTime                       0x08004625   Thumb Code    16  stm32f10x_usart.o(.text)
    USART_SetPrescaler                       0x08004635   Thumb Code    16  stm32f10x_usart.o(.text)
    USART_SmartCardCmd                       0x08004645   Thumb Code    24  stm32f10x_usart.o(.text)
    USART_SmartCardNACKCmd                   0x0800465d   Thumb Code    24  stm32f10x_usart.o(.text)
    USART_HalfDuplexCmd                      0x08004675   Thumb Code    24  stm32f10x_usart.o(.text)
    USART_OverSampling8Cmd                   0x0800468d   Thumb Code    22  stm32f10x_usart.o(.text)
    USART_OneBitMethodCmd                    0x080046a3   Thumb Code    24  stm32f10x_usart.o(.text)
    USART_IrDAConfig                         0x080046bb   Thumb Code    18  stm32f10x_usart.o(.text)
    USART_IrDACmd                            0x080046cd   Thumb Code    24  stm32f10x_usart.o(.text)
    USART_GetFlagStatus                      0x080046e5   Thumb Code    26  stm32f10x_usart.o(.text)
    USART_ClearFlag                          0x080046ff   Thumb Code    18  stm32f10x_usart.o(.text)
    USART_GetITStatus                        0x08004711   Thumb Code    84  stm32f10x_usart.o(.text)
    USART_ClearITPendingBit                  0x08004765   Thumb Code    52  stm32f10x_usart.o(.text)
    SPI_I2S_DeInit                           0x08004799   Thumb Code    76  stm32f10x_spi.o(.text)
    SPI_Init                                 0x080047e5   Thumb Code    60  stm32f10x_spi.o(.text)
    I2S_Init                                 0x08004821   Thumb Code   226  stm32f10x_spi.o(.text)
    SPI_StructInit                           0x08004903   Thumb Code    24  stm32f10x_spi.o(.text)
    I2S_StructInit                           0x0800491b   Thumb Code    20  stm32f10x_spi.o(.text)
    SPI_Cmd                                  0x0800492f   Thumb Code    24  stm32f10x_spi.o(.text)
    I2S_Cmd                                  0x08004947   Thumb Code    24  stm32f10x_spi.o(.text)
    SPI_I2S_ITConfig                         0x0800495f   Thumb Code    32  stm32f10x_spi.o(.text)
    SPI_I2S_DMACmd                           0x0800497f   Thumb Code    18  stm32f10x_spi.o(.text)
    SPI_I2S_SendData                         0x08004991   Thumb Code     4  stm32f10x_spi.o(.text)
    SPI_I2S_ReceiveData                      0x08004995   Thumb Code     6  stm32f10x_spi.o(.text)
    SPI_NSSInternalSoftwareConfig            0x0800499b   Thumb Code    30  stm32f10x_spi.o(.text)
    SPI_SSOutputCmd                          0x080049b9   Thumb Code    24  stm32f10x_spi.o(.text)
    SPI_DataSizeConfig                       0x080049d1   Thumb Code    18  stm32f10x_spi.o(.text)
    SPI_TransmitCRC                          0x080049e3   Thumb Code    10  stm32f10x_spi.o(.text)
    SPI_CalculateCRC                         0x080049ed   Thumb Code    24  stm32f10x_spi.o(.text)
    SPI_GetCRC                               0x08004a05   Thumb Code    16  stm32f10x_spi.o(.text)
    SPI_GetCRCPolynomial                     0x08004a15   Thumb Code     6  stm32f10x_spi.o(.text)
    SPI_BiDirectionalLineConfig              0x08004a1b   Thumb Code    28  stm32f10x_spi.o(.text)
    SPI_I2S_GetFlagStatus                    0x08004a37   Thumb Code    18  stm32f10x_spi.o(.text)
    SPI_I2S_ClearFlag                        0x08004a49   Thumb Code     6  stm32f10x_spi.o(.text)
    SPI_I2S_GetITStatus                      0x08004a4f   Thumb Code    52  stm32f10x_spi.o(.text)
    SPI_I2S_ClearITPendingBit                0x08004a83   Thumb Code    20  stm32f10x_spi.o(.text)
    ADC_DeInit                               0x08004aa5   Thumb Code    78  stm32f10x_adc.o(.text)
    ADC_Init                                 0x08004af3   Thumb Code    70  stm32f10x_adc.o(.text)
    ADC_StructInit                           0x08004b39   Thumb Code    18  stm32f10x_adc.o(.text)
    ADC_Cmd                                  0x08004b4b   Thumb Code    22  stm32f10x_adc.o(.text)
    ADC_DMACmd                               0x08004b61   Thumb Code    22  stm32f10x_adc.o(.text)
    ADC_ITConfig                             0x08004b77   Thumb Code    24  stm32f10x_adc.o(.text)
    ADC_ResetCalibration                     0x08004b8f   Thumb Code    10  stm32f10x_adc.o(.text)
    ADC_GetResetCalibrationStatus            0x08004b99   Thumb Code    20  stm32f10x_adc.o(.text)
    ADC_StartCalibration                     0x08004bad   Thumb Code    10  stm32f10x_adc.o(.text)
    ADC_GetCalibrationStatus                 0x08004bb7   Thumb Code    20  stm32f10x_adc.o(.text)
    ADC_SoftwareStartConvCmd                 0x08004bcb   Thumb Code    22  stm32f10x_adc.o(.text)
    ADC_GetSoftwareStartConvStatus           0x08004be1   Thumb Code    20  stm32f10x_adc.o(.text)
    ADC_DiscModeChannelCountConfig           0x08004bf5   Thumb Code    24  stm32f10x_adc.o(.text)
    ADC_DiscModeCmd                          0x08004c0d   Thumb Code    22  stm32f10x_adc.o(.text)
    ADC_RegularChannelConfig                 0x08004c23   Thumb Code   184  stm32f10x_adc.o(.text)
    ADC_ExternalTrigConvCmd                  0x08004cdb   Thumb Code    22  stm32f10x_adc.o(.text)
    ADC_GetConversionValue                   0x08004cf1   Thumb Code     8  stm32f10x_adc.o(.text)
    ADC_GetDualModeConversionValue           0x08004cf9   Thumb Code     8  stm32f10x_adc.o(.text)
    ADC_AutoInjectedConvCmd                  0x08004d01   Thumb Code    22  stm32f10x_adc.o(.text)
    ADC_InjectedDiscModeCmd                  0x08004d17   Thumb Code    22  stm32f10x_adc.o(.text)
    ADC_ExternalTrigInjectedConvConfig       0x08004d2d   Thumb Code    16  stm32f10x_adc.o(.text)
    ADC_ExternalTrigInjectedConvCmd          0x08004d3d   Thumb Code    22  stm32f10x_adc.o(.text)
    ADC_SoftwareStartInjectedConvCmd         0x08004d53   Thumb Code    22  stm32f10x_adc.o(.text)
    ADC_GetSoftwareStartInjectedConvCmdStatus 0x08004d69   Thumb Code    20  stm32f10x_adc.o(.text)
    ADC_InjectedChannelConfig                0x08004d7d   Thumb Code   130  stm32f10x_adc.o(.text)
    ADC_InjectedSequencerLengthConfig        0x08004dff   Thumb Code    24  stm32f10x_adc.o(.text)
    ADC_SetInjectedOffset                    0x08004e17   Thumb Code    20  stm32f10x_adc.o(.text)
    ADC_GetInjectedConversionValue           0x08004e2b   Thumb Code    28  stm32f10x_adc.o(.text)
    ADC_AnalogWatchdogCmd                    0x08004e47   Thumb Code    16  stm32f10x_adc.o(.text)
    ADC_AnalogWatchdogThresholdsConfig       0x08004e57   Thumb Code     6  stm32f10x_adc.o(.text)
    ADC_AnalogWatchdogSingleChannelConfig    0x08004e5d   Thumb Code    16  stm32f10x_adc.o(.text)
    ADC_TempSensorVrefintCmd                 0x08004e6d   Thumb Code    64  stm32f10x_adc.o(.text)
    ADC_GetFlagStatus                        0x08004ead   Thumb Code    18  stm32f10x_adc.o(.text)
    ADC_ClearFlag                            0x08004ebf   Thumb Code     6  stm32f10x_adc.o(.text)
    ADC_GetITStatus                          0x08004ec5   Thumb Code    36  stm32f10x_adc.o(.text)
    ADC_ClearITPendingBit                    0x08004ee9   Thumb Code    10  stm32f10x_adc.o(.text)
    NB_RxData                                0x08004ef5   Thumb Code    82  http.o(.text)
    HTTP_Post_OneNet                         0x08004f47   Thumb Code   186  http.o(.text)
    __use_no_semihosting                     0x0800507d   Thumb Code     2  use_no_semi_2.o(.text)
    __c89vsprintf                            0x08005081   Thumb Code    32  c89vsprintf.o(.text)
    __2printf                                0x080050a5   Thumb Code    20  __2printf.o(.text)
    __2sprintf                               0x080050bd   Thumb Code    38  __2sprintf.o(.text)
    _printf_pre_padding                      0x080050e9   Thumb Code    44  _printf_pad.o(.text)
    _printf_post_padding                     0x08005115   Thumb Code    34  _printf_pad.o(.text)
    _printf_str                              0x08005137   Thumb Code    82  _printf_str.o(.text)
    _printf_int_dec                          0x08005189   Thumb Code   104  _printf_dec.o(.text)
    _printf_longlong_hex                     0x08005201   Thumb Code    86  _printf_hex_int_ll_ptr.o(.text)
    _printf_int_hex                          0x08005257   Thumb Code    28  _printf_hex_int_ll_ptr.o(.text)
    _printf_ll_hex                           0x08005273   Thumb Code    12  _printf_hex_int_ll_ptr.o(.text)
    _printf_hex_ptr                          0x0800527f   Thumb Code    18  _printf_hex_int_ll_ptr.o(.text)
    __printf                                 0x08005295   Thumb Code   388  __printf_flags_ss_wp.o(.text)
    atoi                                     0x0800541d   Thumb Code    26  atoi.o(.text)
    strstr                                   0x08005437   Thumb Code    36  strstr.o(.text)
    strlen                                   0x0800545b   Thumb Code    62  strlen.o(.text)
    strcat                                   0x08005499   Thumb Code    24  strcat.o(.text)
    __aeabi_memcpy                           0x080054b1   Thumb Code     0  rt_memcpy_v6.o(.text)
    __rt_memcpy                              0x080054b1   Thumb Code   138  rt_memcpy_v6.o(.text)
    _memcpy_lastbytes                        0x08005517   Thumb Code     0  rt_memcpy_v6.o(.text)
    __aeabi_memcpy4                          0x0800553b   Thumb Code     0  rt_memcpy_w.o(.text)
    __aeabi_memcpy8                          0x0800553b   Thumb Code     0  rt_memcpy_w.o(.text)
    __rt_memcpy_w                            0x0800553b   Thumb Code   100  rt_memcpy_w.o(.text)
    _memcpy_lastbytes_aligned                0x08005583   Thumb Code     0  rt_memcpy_w.o(.text)
    __aeabi_memclr                           0x0800559f   Thumb Code     0  rt_memclr.o(.text)
    __rt_memclr                              0x0800559f   Thumb Code    68  rt_memclr.o(.text)
    _memset                                  0x080055a3   Thumb Code     0  rt_memclr.o(.text)
    __aeabi_memclr4                          0x080055e3   Thumb Code     0  rt_memclr_w.o(.text)
    __aeabi_memclr8                          0x080055e3   Thumb Code     0  rt_memclr_w.o(.text)
    __rt_memclr_w                            0x080055e3   Thumb Code    78  rt_memclr_w.o(.text)
    _memset_w                                0x080055e7   Thumb Code     0  rt_memclr_w.o(.text)
    __use_two_region_memory                  0x08005631   Thumb Code     2  heapauxi.o(.text)
    __rt_heap_escrow$2region                 0x08005633   Thumb Code     2  heapauxi.o(.text)
    __rt_heap_expand$2region                 0x08005635   Thumb Code     2  heapauxi.o(.text)
    __I$use$semihosting                      0x08005637   Thumb Code     0  use_no_semi.o(.text)
    __use_no_semihosting_swi                 0x08005637   Thumb Code     2  use_no_semi.o(.text)
    __aeabi_errno_addr                       0x08005639   Thumb Code     8  rt_errno_addr_intlibspace.o(.text)
    __errno$intlibspace                      0x08005639   Thumb Code     0  rt_errno_addr_intlibspace.o(.text)
    __rt_errno_addr$intlibspace              0x08005639   Thumb Code     0  rt_errno_addr_intlibspace.o(.text)
    __read_errno                             0x08005641   Thumb Code    10  _rserrno.o(.text)
    __set_errno                              0x0800564b   Thumb Code    12  _rserrno.o(.text)
    _printf_truncate_signed                  0x08005657   Thumb Code    18  _printf_truncate.o(.text)
    _printf_truncate_unsigned                0x08005669   Thumb Code    18  _printf_truncate.o(.text)
    _printf_int_common                       0x0800567b   Thumb Code   178  _printf_intcommon.o(.text)
    _printf_charcount                        0x0800572d   Thumb Code    40  _printf_charcount.o(.text)
    __lib_sel_fp_printf                      0x08005755   Thumb Code     2  _printf_fp_dec.o(.text)
    _printf_fp_dec_real                      0x08005907   Thumb Code   620  _printf_fp_dec.o(.text)
    _printf_char_common                      0x08005b7f   Thumb Code    32  _printf_char_common.o(.text)
    _sputc                                   0x08005ba5   Thumb Code    10  _sputc.o(.text)
    _printf_cs_common                        0x08005baf   Thumb Code    20  _printf_char.o(.text)
    _printf_char                             0x08005bc3   Thumb Code    16  _printf_char.o(.text)
    _printf_string                           0x08005bd3   Thumb Code     8  _printf_char.o(.text)
    _printf_char_file                        0x08005bdd   Thumb Code    32  _printf_char_file.o(.text)
    _printf_wctomb                           0x08005c01   Thumb Code   182  _printf_wctomb.o(.text)
    _printf_longlong_dec                     0x08005cbd   Thumb Code   108  _printf_longlong_dec.o(.text)
    _printf_longlong_oct                     0x08005d39   Thumb Code    66  _printf_oct_int_ll.o(.text)
    _printf_int_oct                          0x08005d7b   Thumb Code    24  _printf_oct_int_ll.o(.text)
    _printf_ll_oct                           0x08005d93   Thumb Code    12  _printf_oct_int_ll.o(.text)
    strtol                                   0x08005da9   Thumb Code   112  strtol.o(.text)
    __user_libspace                          0x08005e19   Thumb Code     8  libspace.o(.text)
    __user_perproc_libspace                  0x08005e19   Thumb Code     0  libspace.o(.text)
    __user_perthread_libspace                0x08005e19   Thumb Code     0  libspace.o(.text)
    __rt_ctype_table                         0x08005e21   Thumb Code    16  rt_ctype_table.o(.text)
    __rt_locale                              0x08005e31   Thumb Code     8  rt_locale_intlibspace.o(.text)
    _ll_udiv10                               0x08005e39   Thumb Code   138  lludiv10.o(.text)
    _printf_fp_infnan                        0x08005ec5   Thumb Code   112  _printf_fp_infnan.o(.text)
    _printf_lcs_common                       0x08005f45   Thumb Code    20  _printf_wchar.o(.text)
    _printf_wchar                            0x08005f59   Thumb Code    16  _printf_wchar.o(.text)
    _printf_wstring                          0x08005f69   Thumb Code     8  _printf_wchar.o(.text)
    _strtoul                                 0x08005f71   Thumb Code   158  _strtoul.o(.text)
    _btod_etento                             0x08006011   Thumb Code   224  bigflt0.o(.text)
    ferror                                   0x080060f5   Thumb Code     8  ferror.o(.text)
    _wcrtomb                                 0x080060fd   Thumb Code    64  _wcrtomb.o(.text)
    __user_setup_stackheap                   0x0800613d   Thumb Code    74  sys_stackheap_outer.o(.text)
    _chval                                   0x08006187   Thumb Code    28  _chval.o(.text)
    exit                                     0x080061a3   Thumb Code    18  exit.o(.text)
    strcmp                                   0x080061b5   Thumb Code   128  strcmpv7m.o(.text)
    _btod_d2e                                0x08006235   Thumb Code    62  btod.o(CL$$btod_d2e)
    _d2e_denorm_low                          0x08006273   Thumb Code    70  btod.o(CL$$btod_d2e_denorm_low)
    _d2e_norm_op1                            0x080062b9   Thumb Code    96  btod.o(CL$$btod_d2e_norm_op1)
    __btod_div_common                        0x08006319   Thumb Code   696  btod.o(CL$$btod_div_common)
    _e2e                                     0x08006651   Thumb Code   220  btod.o(CL$$btod_e2e)
    _btod_ediv                               0x0800672d   Thumb Code    42  btod.o(CL$$btod_ediv)
    _btod_emul                               0x08006757   Thumb Code    42  btod.o(CL$$btod_emul)
    __btod_mult_common                       0x08006781   Thumb Code   580  btod.o(CL$$btod_mult_common)
    __ARM_fpclassify                         0x080069c5   Thumb Code    40  fpclassify.o(i.__ARM_fpclassify)
    __kernel_poly                            0x080069ed   Thumb Code   170  poly.o(i.__kernel_poly)
    __mathlib_dbl_divzero                    0x08006a99   Thumb Code    12  dunder.o(i.__mathlib_dbl_divzero)
    __mathlib_dbl_infnan2                    0x08006aa9   Thumb Code     4  dunder.o(i.__mathlib_dbl_infnan2)
    __mathlib_dbl_invalid                    0x08006aad   Thumb Code    12  dunder.o(i.__mathlib_dbl_invalid)
    __mathlib_dbl_overflow                   0x08006ab9   Thumb Code    14  dunder.o(i.__mathlib_dbl_overflow)
    __mathlib_dbl_underflow                  0x08006ac9   Thumb Code    10  dunder.o(i.__mathlib_dbl_underflow)
    _is_digit                                0x08006ad9   Thumb Code    14  __printf_wp.o(i._is_digit)
    pow                                      0x08006ae9   Thumb Code  2512  pow.o(i.pow)
    sqrt                                     0x080074c1   Thumb Code    76  sqrt.o(i.sqrt)
    _get_lc_numeric                          0x0800750d   Thumb Code    44  lc_numeric_c.o(locale$$code)
    _get_lc_ctype                            0x08007539   Thumb Code    44  lc_ctype_c.o(locale$$code)
    __aeabi_d2f                              0x08007565   Thumb Code     0  d2f.o(x$fpl$d2f)
    _d2f                                     0x08007565   Thumb Code    98  d2f.o(x$fpl$d2f)
    __aeabi_dadd                             0x080075c9   Thumb Code     0  daddsub_clz.o(x$fpl$dadd)
    _dadd                                    0x080075c9   Thumb Code   332  daddsub_clz.o(x$fpl$dadd)
    __fpl_dcheck_NaN1                        0x08007719   Thumb Code    10  dcheck1.o(x$fpl$dcheck1)
    __fpl_dcmp_Inf                           0x08007729   Thumb Code    24  dcmpi.o(x$fpl$dcmpinf)
    __aeabi_ddiv                             0x08007741   Thumb Code     0  ddiv.o(x$fpl$ddiv)
    _ddiv                                    0x08007741   Thumb Code   552  ddiv.o(x$fpl$ddiv)
    __aeabi_d2iz                             0x080079f1   Thumb Code     0  dfix.o(x$fpl$dfix)
    _dfix                                    0x080079f1   Thumb Code    94  dfix.o(x$fpl$dfix)
    __aeabi_i2d                              0x08007a4f   Thumb Code     0  dflt_clz.o(x$fpl$dflt)
    _dflt                                    0x08007a4f   Thumb Code    46  dflt_clz.o(x$fpl$dflt)
    __aeabi_cdcmple                          0x08007a7d   Thumb Code     0  dleqf.o(x$fpl$dleqf)
    _dcmple                                  0x08007a7d   Thumb Code   120  dleqf.o(x$fpl$dleqf)
    __fpl_dcmple_InfNaN                      0x08007adf   Thumb Code     0  dleqf.o(x$fpl$dleqf)
    __aeabi_dmul                             0x08007af5   Thumb Code     0  dmul.o(x$fpl$dmul)
    _dmul                                    0x08007af5   Thumb Code   332  dmul.o(x$fpl$dmul)
    __fpl_dnaninf                            0x08007c49   Thumb Code   156  dnaninf.o(x$fpl$dnaninf)
    __fpl_dretinf                            0x08007ce5   Thumb Code    12  dretinf.o(x$fpl$dretinf)
    __aeabi_cdrcmple                         0x08007cf1   Thumb Code     0  drleqf.o(x$fpl$drleqf)
    _drcmple                                 0x08007cf1   Thumb Code   108  drleqf.o(x$fpl$drleqf)
    __aeabi_drsub                            0x08007d5d   Thumb Code     0  daddsub_clz.o(x$fpl$drsb)
    _drsb                                    0x08007d5d   Thumb Code    22  daddsub_clz.o(x$fpl$drsb)
    _dsqrt                                   0x08007d75   Thumb Code   456  dsqrt_noumaal.o(x$fpl$dsqrt)
    __aeabi_dsub                             0x08007f41   Thumb Code     0  daddsub_clz.o(x$fpl$dsub)
    _dsub                                    0x08007f41   Thumb Code   464  daddsub_clz.o(x$fpl$dsub)
    __aeabi_f2d                              0x08008115   Thumb Code     0  f2d.o(x$fpl$f2d)
    _f2d                                     0x08008115   Thumb Code    86  f2d.o(x$fpl$f2d)
    __aeabi_fadd                             0x0800816d   Thumb Code     0  faddsub_clz.o(x$fpl$fadd)
    _fadd                                    0x0800816d   Thumb Code   196  faddsub_clz.o(x$fpl$fadd)
    __aeabi_fdiv                             0x08008231   Thumb Code     0  fdiv.o(x$fpl$fdiv)
    _fdiv                                    0x08008231   Thumb Code   384  fdiv.o(x$fpl$fdiv)
    __aeabi_f2uiz                            0x080083b5   Thumb Code     0  ffixu.o(x$fpl$ffixu)
    _ffixu                                   0x080083b5   Thumb Code    62  ffixu.o(x$fpl$ffixu)
    __aeabi_i2f                              0x080083f5   Thumb Code     0  fflt_clz.o(x$fpl$fflt)
    _fflt                                    0x080083f5   Thumb Code    48  fflt_clz.o(x$fpl$fflt)
    __aeabi_ui2f                             0x08008425   Thumb Code     0  fflt_clz.o(x$fpl$ffltu)
    _ffltu                                   0x08008425   Thumb Code    38  fflt_clz.o(x$fpl$ffltu)
    __aeabi_fmul                             0x0800844d   Thumb Code     0  fmul.o(x$fpl$fmul)
    _fmul                                    0x0800844d   Thumb Code   258  fmul.o(x$fpl$fmul)
    __fpl_fnaninf                            0x0800854f   Thumb Code   140  fnaninf.o(x$fpl$fnaninf)
    __fpl_fretinf                            0x080085db   Thumb Code    10  fretinf.o(x$fpl$fretinf)
    __aeabi_fsub                             0x080085e5   Thumb Code     0  faddsub_clz.o(x$fpl$fsub)
    _fsub                                    0x080085e5   Thumb Code   234  faddsub_clz.o(x$fpl$fsub)
    _printf_fp_dec                           0x080086cf   Thumb Code     4  printf1.o(x$fpl$printf1)
    __fpl_return_NaN                         0x080086d3   Thumb Code   100  retnan.o(x$fpl$retnan)
    __ARM_scalbn                             0x08008737   Thumb Code    92  scalbn.o(x$fpl$scalbn)
    __fpl_cmpreturn                          0x08008793   Thumb Code    48  trapv.o(x$fpl$trapveneer)
    F6x8                                     0x080087c2   Data         552  gui.o(.constdata)
    __I$use$fp                               0x080087c2   Number         0  usenofp.o(x$fpl$usenofp)
    asc16                                    0x080089ea   Data        1521  gui.o(.constdata)
    sz32                                     0x08008fdb   Data        1921  gui.o(.constdata)
    hz16                                     0x0800975c   Data        2380  gui.o(.constdata)
    hz24                                     0x0800a0a8   Data        1406  gui.o(.constdata)
    __mathlib_zero                           0x0800a6f0   Data           8  qnan.o(.constdata)
    Region$$Table$$Base                      0x0800a7d4   Number         0  anon$$obj.o(Region$$Table)
    Region$$Table$$Limit                     0x0800a7f4   Number         0  anon$$obj.o(Region$$Table)
    __ctype                                  0x0800a81d   Data           0  lc_ctype_c.o(locale$$data)
    SystemCoreClock                          0x20000000   Data           4  system_stm32f10x.o(.data)
    AHBPrescTable                            0x20000004   Data          16  system_stm32f10x.o(.data)
    W25QXX_TYPE                              0x20000014   Data           2  w25qxx.o(.data)
    __stdout                                 0x20000024   Data           4  usart.o(.data)
    http_state                               0x2000003c   Data           1  http.o(.data)
    W25QXX_BUFFER                            0x20000040   Data        4096  w25qxx.o(.bss)
    gAtParseBuff                             0x20001040   Data         500  nb.o(.bss)
    nb                                       0x20001234   Data       10754  nb.o(.bss)
    ontnet_tx_buff                           0x20003c36   Data         500  http.o(.bss)
    __libspace_start                         0x20003e2c   Data          96  libspace.o(.bss)
    __temporary_stack_top$libspace           0x20003e8c   Data           0  libspace.o(.bss)



==============================================================================

Memory Map of the image

  Image Entry point : 0x08000131

  Load Region LR_IROM1 (Base: 0x08000000, Size: 0x0000a960, Max: 0x00040000, ABSOLUTE)

    Execution Region ER_IROM1 (Exec base: 0x08000000, Load base: 0x08000000, Size: 0x0000a920, Max: 0x00040000, ABSOLUTE)

    Exec Addr    Load Addr    Size         Type   Attr      Idx    E Section Name        Object

    0x08000000   0x08000000   0x00000130   Data   RO          487    RESET               startup_stm32f10x_hd.o
    0x08000130   0x08000130   0x00000008   Code   RO          712  * !!!main             c_w.l(__main.o)
    0x08000138   0x08000138   0x00000034   Code   RO         1092    !!!scatter          c_w.l(__scatter.o)
    0x0800016c   0x0800016c   0x0000001a   Code   RO         1094    !!handler_copy      c_w.l(__scatter_copy.o)
    0x08000186   0x08000186   0x00000002   PAD
    0x08000188   0x08000188   0x0000001c   Code   RO         1096    !!handler_zi        c_w.l(__scatter_zi.o)
    0x080001a4   0x080001a4   0x00000000   Code   RO          693    .ARM.Collect$$_printf_percent$$00000000  c_w.l(_printf_percent.o)
    0x080001a4   0x080001a4   0x00000006   Code   RO          806    .ARM.Collect$$_printf_percent$$00000001  c_w.l(_printf_n.o)
    0x080001aa   0x080001aa   0x00000006   Code   RO          807    .ARM.Collect$$_printf_percent$$00000002  c_w.l(_printf_p.o)
    0x080001b0   0x080001b0   0x00000006   Code   RO          692    .ARM.Collect$$_printf_percent$$00000003  c_w.l(_printf_f.o)
    0x080001b6   0x080001b6   0x00000006   Code   RO          811    .ARM.Collect$$_printf_percent$$00000004  c_w.l(_printf_e.o)
    0x080001bc   0x080001bc   0x00000006   Code   RO          812    .ARM.Collect$$_printf_percent$$00000005  c_w.l(_printf_g.o)
    0x080001c2   0x080001c2   0x00000006   Code   RO          813    .ARM.Collect$$_printf_percent$$00000006  c_w.l(_printf_a.o)
    0x080001c8   0x080001c8   0x0000000a   Code   RO          818    .ARM.Collect$$_printf_percent$$00000007  c_w.l(_printf_ll.o)
    0x080001d2   0x080001d2   0x00000006   Code   RO          809    .ARM.Collect$$_printf_percent$$00000008  c_w.l(_printf_i.o)
    0x080001d8   0x080001d8   0x00000006   Code   RO          691    .ARM.Collect$$_printf_percent$$00000009  c_w.l(_printf_d.o)
    0x080001de   0x080001de   0x00000006   Code   RO          810    .ARM.Collect$$_printf_percent$$0000000A  c_w.l(_printf_u.o)
    0x080001e4   0x080001e4   0x00000006   Code   RO          808    .ARM.Collect$$_printf_percent$$0000000B  c_w.l(_printf_o.o)
    0x080001ea   0x080001ea   0x00000006   Code   RO          690    .ARM.Collect$$_printf_percent$$0000000C  c_w.l(_printf_x.o)
    0x080001f0   0x080001f0   0x00000006   Code   RO          815    .ARM.Collect$$_printf_percent$$0000000D  c_w.l(_printf_lli.o)
    0x080001f6   0x080001f6   0x00000006   Code   RO          816    .ARM.Collect$$_printf_percent$$0000000E  c_w.l(_printf_lld.o)
    0x080001fc   0x080001fc   0x00000006   Code   RO          817    .ARM.Collect$$_printf_percent$$0000000F  c_w.l(_printf_llu.o)
    0x08000202   0x08000202   0x00000006   Code   RO          822    .ARM.Collect$$_printf_percent$$00000010  c_w.l(_printf_llo.o)
    0x08000208   0x08000208   0x00000006   Code   RO          823    .ARM.Collect$$_printf_percent$$00000011  c_w.l(_printf_llx.o)
    0x0800020e   0x0800020e   0x0000000a   Code   RO          819    .ARM.Collect$$_printf_percent$$00000012  c_w.l(_printf_l.o)
    0x08000218   0x08000218   0x00000006   Code   RO          805    .ARM.Collect$$_printf_percent$$00000013  c_w.l(_printf_c.o)
    0x0800021e   0x0800021e   0x00000006   Code   RO          689    .ARM.Collect$$_printf_percent$$00000014  c_w.l(_printf_s.o)
    0x08000224   0x08000224   0x00000006   Code   RO          820    .ARM.Collect$$_printf_percent$$00000015  c_w.l(_printf_lc.o)
    0x0800022a   0x0800022a   0x00000006   Code   RO          821    .ARM.Collect$$_printf_percent$$00000016  c_w.l(_printf_ls.o)
    0x08000230   0x08000230   0x00000004   Code   RO          814    .ARM.Collect$$_printf_percent$$00000017  c_w.l(_printf_percent_end.o)
    0x08000234   0x08000234   0x00000002   Code   RO          965    .ARM.Collect$$libinit$$00000000  c_w.l(libinit.o)
    0x08000236   0x08000236   0x00000000   Code   RO          967    .ARM.Collect$$libinit$$00000002  c_w.l(libinit2.o)
    0x08000236   0x08000236   0x00000000   Code   RO          969    .ARM.Collect$$libinit$$00000004  c_w.l(libinit2.o)
    0x08000236   0x08000236   0x00000000   Code   RO          972    .ARM.Collect$$libinit$$0000000A  c_w.l(libinit2.o)
    0x08000236   0x08000236   0x00000000   Code   RO          974    .ARM.Collect$$libinit$$0000000C  c_w.l(libinit2.o)
    0x08000236   0x08000236   0x00000000   Code   RO          976    .ARM.Collect$$libinit$$0000000E  c_w.l(libinit2.o)
    0x08000236   0x08000236   0x00000006   Code   RO          977    .ARM.Collect$$libinit$$0000000F  c_w.l(libinit2.o)
    0x0800023c   0x0800023c   0x00000000   Code   RO          979    .ARM.Collect$$libinit$$00000011  c_w.l(libinit2.o)
    0x0800023c   0x0800023c   0x0000000c   Code   RO          980    .ARM.Collect$$libinit$$00000012  c_w.l(libinit2.o)
    0x08000248   0x08000248   0x00000000   Code   RO          981    .ARM.Collect$$libinit$$00000013  c_w.l(libinit2.o)
    0x08000248   0x08000248   0x00000000   Code   RO          983    .ARM.Collect$$libinit$$00000015  c_w.l(libinit2.o)
    0x08000248   0x08000248   0x0000000a   Code   RO          984    .ARM.Collect$$libinit$$00000016  c_w.l(libinit2.o)
    0x08000252   0x08000252   0x00000000   Code   RO          985    .ARM.Collect$$libinit$$00000017  c_w.l(libinit2.o)
    0x08000252   0x08000252   0x00000000   Code   RO          987    .ARM.Collect$$libinit$$00000019  c_w.l(libinit2.o)
    0x08000252   0x08000252   0x00000000   Code   RO          989    .ARM.Collect$$libinit$$0000001B  c_w.l(libinit2.o)
    0x08000252   0x08000252   0x00000000   Code   RO          991    .ARM.Collect$$libinit$$0000001D  c_w.l(libinit2.o)
    0x08000252   0x08000252   0x00000000   Code   RO          993    .ARM.Collect$$libinit$$0000001F  c_w.l(libinit2.o)
    0x08000252   0x08000252   0x00000000   Code   RO          995    .ARM.Collect$$libinit$$00000021  c_w.l(libinit2.o)
    0x08000252   0x08000252   0x00000000   Code   RO          997    .ARM.Collect$$libinit$$00000023  c_w.l(libinit2.o)
    0x08000252   0x08000252   0x00000000   Code   RO          999    .ARM.Collect$$libinit$$00000025  c_w.l(libinit2.o)
    0x08000252   0x08000252   0x00000000   Code   RO         1003    .ARM.Collect$$libinit$$0000002C  c_w.l(libinit2.o)
    0x08000252   0x08000252   0x00000000   Code   RO         1005    .ARM.Collect$$libinit$$0000002E  c_w.l(libinit2.o)
    0x08000252   0x08000252   0x00000000   Code   RO         1007    .ARM.Collect$$libinit$$00000030  c_w.l(libinit2.o)
    0x08000252   0x08000252   0x00000000   Code   RO         1009    .ARM.Collect$$libinit$$00000032  c_w.l(libinit2.o)
    0x08000252   0x08000252   0x00000002   Code   RO         1010    .ARM.Collect$$libinit$$00000033  c_w.l(libinit2.o)
    0x08000254   0x08000254   0x00000002   Code   RO         1044    .ARM.Collect$$libshutdown$$00000000  c_w.l(libshutdown.o)
    0x08000256   0x08000256   0x00000000   Code   RO         1053    .ARM.Collect$$libshutdown$$00000002  c_w.l(libshutdown2.o)
    0x08000256   0x08000256   0x00000000   Code   RO         1055    .ARM.Collect$$libshutdown$$00000004  c_w.l(libshutdown2.o)
    0x08000256   0x08000256   0x00000000   Code   RO         1058    .ARM.Collect$$libshutdown$$00000007  c_w.l(libshutdown2.o)
    0x08000256   0x08000256   0x00000000   Code   RO         1061    .ARM.Collect$$libshutdown$$0000000A  c_w.l(libshutdown2.o)
    0x08000256   0x08000256   0x00000000   Code   RO         1063    .ARM.Collect$$libshutdown$$0000000C  c_w.l(libshutdown2.o)
    0x08000256   0x08000256   0x00000000   Code   RO         1066    .ARM.Collect$$libshutdown$$0000000F  c_w.l(libshutdown2.o)
    0x08000256   0x08000256   0x00000002   Code   RO         1067    .ARM.Collect$$libshutdown$$00000010  c_w.l(libshutdown2.o)
    0x08000258   0x08000258   0x00000000   Code   RO          770    .ARM.Collect$$rtentry$$00000000  c_w.l(__rtentry.o)
    0x08000258   0x08000258   0x00000000   Code   RO          876    .ARM.Collect$$rtentry$$00000002  c_w.l(__rtentry2.o)
    0x08000258   0x08000258   0x00000006   Code   RO          888    .ARM.Collect$$rtentry$$00000004  c_w.l(__rtentry4.o)
    0x0800025e   0x0800025e   0x00000000   Code   RO          878    .ARM.Collect$$rtentry$$00000009  c_w.l(__rtentry2.o)
    0x0800025e   0x0800025e   0x00000004   Code   RO          879    .ARM.Collect$$rtentry$$0000000A  c_w.l(__rtentry2.o)
    0x08000262   0x08000262   0x00000000   Code   RO          881    .ARM.Collect$$rtentry$$0000000C  c_w.l(__rtentry2.o)
    0x08000262   0x08000262   0x00000008   Code   RO          882    .ARM.Collect$$rtentry$$0000000D  c_w.l(__rtentry2.o)
    0x0800026a   0x0800026a   0x00000002   Code   RO         1015    .ARM.Collect$$rtexit$$00000000  c_w.l(rtexit.o)
    0x0800026c   0x0800026c   0x00000000   Code   RO         1024    .ARM.Collect$$rtexit$$00000002  c_w.l(rtexit2.o)
    0x0800026c   0x0800026c   0x00000004   Code   RO         1025    .ARM.Collect$$rtexit$$00000003  c_w.l(rtexit2.o)
    0x08000270   0x08000270   0x00000006   Code   RO         1026    .ARM.Collect$$rtexit$$00000004  c_w.l(rtexit2.o)
    0x08000276   0x08000276   0x00000002   PAD
    0x08000278   0x08000278   0x00000280   Code   RO            1    .text               main.o
    0x080004f8   0x080004f8   0x0000001a   Code   RO          155    .text               stm32f10x_it.o
    0x08000512   0x08000512   0x00000002   PAD
    0x08000514   0x08000514   0x000001e0   Code   RO          196    .text               system_stm32f10x.o
    0x080006f4   0x080006f4   0x000000d0   Code   RO          214    .text               led.o
    0x080007c4   0x080007c4   0x00000104   Code   RO          238    .text               spi.o
    0x080008c8   0x080008c8   0x00000378   Code   RO          253    .text               w25qxx.o
    0x08000c40   0x08000c40   0x00000a7e   Code   RO          282    .text               gui.o
    0x080016be   0x080016be   0x00000002   PAD
    0x080016c0   0x080016c0   0x0000046c   Code   RO          300    .text               lcd_driver.o
    0x08001b2c   0x08001b2c   0x00001370   Code   RO          315    .text               nb.o
    0x08002e9c   0x08002e9c   0x00000060   Code   RO          341    .text               buzzer.o
    0x08002efc   0x08002efc   0x00000198   Code   RO          353    .text               dht11.o
    0x08003094   0x08003094   0x000003dc   Code   RO          368    .text               adc.o
    0x08003470   0x08003470   0x000002ec   Code   RO          386    .text               sgp30.o
    0x0800375c   0x0800375c   0x000000d4   Code   RO          398    .text               delay.o
    0x08003830   0x08003830   0x00000110   Code   RO          429    .text               usart.o
    0x08003940   0x08003940   0x0000013c   Code   RO          448    .text               usart2.o
    0x08003a7c   0x08003a7c   0x000000f8   Code   RO          463    .text               usart3.o
    0x08003b74   0x08003b74   0x00000040   Code   RO          488    .text               startup_stm32f10x_hd.o
    0x08003bb4   0x08003bb4   0x000000dc   Code   RO          492    .text               misc.o
    0x08003c90   0x08003c90   0x0000035c   Code   RO          516    .text               stm32f10x_gpio.o
    0x08003fec   0x08003fec   0x000003a4   Code   RO          528    .text               stm32f10x_rcc.o
    0x08004390   0x08004390   0x00000408   Code   RO          554    .text               stm32f10x_usart.o
    0x08004798   0x08004798   0x0000030c   Code   RO          566    .text               stm32f10x_spi.o
    0x08004aa4   0x08004aa4   0x0000044e   Code   RO          590    .text               stm32f10x_adc.o
    0x08004ef2   0x08004ef2   0x00000002   PAD
    0x08004ef4   0x08004ef4   0x00000188   Code   RO          602    .text               http.o
    0x0800507c   0x0800507c   0x00000002   Code   RO          628    .text               c_w.l(use_no_semi_2.o)
    0x0800507e   0x0800507e   0x00000002   PAD
    0x08005080   0x08005080   0x00000024   Code   RO          630    .text               c_w.l(c89vsprintf.o)
    0x080050a4   0x080050a4   0x00000018   Code   RO          632    .text               c_w.l(__2printf.o)
    0x080050bc   0x080050bc   0x0000002c   Code   RO          634    .text               c_w.l(__2sprintf.o)
    0x080050e8   0x080050e8   0x0000004e   Code   RO          642    .text               c_w.l(_printf_pad.o)
    0x08005136   0x08005136   0x00000052   Code   RO          644    .text               c_w.l(_printf_str.o)
    0x08005188   0x08005188   0x00000078   Code   RO          646    .text               c_w.l(_printf_dec.o)
    0x08005200   0x08005200   0x00000094   Code   RO          666    .text               c_w.l(_printf_hex_int_ll_ptr.o)
    0x08005294   0x08005294   0x00000188   Code   RO          686    .text               c_w.l(__printf_flags_ss_wp.o)
    0x0800541c   0x0800541c   0x0000001a   Code   RO          694    .text               c_w.l(atoi.o)
    0x08005436   0x08005436   0x00000024   Code   RO          696    .text               c_w.l(strstr.o)
    0x0800545a   0x0800545a   0x0000003e   Code   RO          698    .text               c_w.l(strlen.o)
    0x08005498   0x08005498   0x00000018   Code   RO          700    .text               c_w.l(strcat.o)
    0x080054b0   0x080054b0   0x0000008a   Code   RO          702    .text               c_w.l(rt_memcpy_v6.o)
    0x0800553a   0x0800553a   0x00000064   Code   RO          704    .text               c_w.l(rt_memcpy_w.o)
    0x0800559e   0x0800559e   0x00000044   Code   RO          706    .text               c_w.l(rt_memclr.o)
    0x080055e2   0x080055e2   0x0000004e   Code   RO          708    .text               c_w.l(rt_memclr_w.o)
    0x08005630   0x08005630   0x00000006   Code   RO          710    .text               c_w.l(heapauxi.o)
    0x08005636   0x08005636   0x00000002   Code   RO          768    .text               c_w.l(use_no_semi.o)
    0x08005638   0x08005638   0x00000008   Code   RO          774    .text               c_w.l(rt_errno_addr_intlibspace.o)
    0x08005640   0x08005640   0x00000016   Code   RO          776    .text               c_w.l(_rserrno.o)
    0x08005656   0x08005656   0x00000024   Code   RO          778    .text               c_w.l(_printf_truncate.o)
    0x0800567a   0x0800567a   0x000000b2   Code   RO          780    .text               c_w.l(_printf_intcommon.o)
    0x0800572c   0x0800572c   0x00000028   Code   RO          782    .text               c_w.l(_printf_charcount.o)
    0x08005754   0x08005754   0x0000041e   Code   RO          784    .text               c_w.l(_printf_fp_dec.o)
    0x08005b72   0x08005b72   0x00000002   PAD
    0x08005b74   0x08005b74   0x00000030   Code   RO          786    .text               c_w.l(_printf_char_common.o)
    0x08005ba4   0x08005ba4   0x0000000a   Code   RO          788    .text               c_w.l(_sputc.o)
    0x08005bae   0x08005bae   0x0000002c   Code   RO          790    .text               c_w.l(_printf_char.o)
    0x08005bda   0x08005bda   0x00000002   PAD
    0x08005bdc   0x08005bdc   0x00000024   Code   RO          792    .text               c_w.l(_printf_char_file.o)
    0x08005c00   0x08005c00   0x000000bc   Code   RO          794    .text               c_w.l(_printf_wctomb.o)
    0x08005cbc   0x08005cbc   0x0000007c   Code   RO          797    .text               c_w.l(_printf_longlong_dec.o)
    0x08005d38   0x08005d38   0x00000070   Code   RO          803    .text               c_w.l(_printf_oct_int_ll.o)
    0x08005da8   0x08005da8   0x00000070   Code   RO          824    .text               c_w.l(strtol.o)
    0x08005e18   0x08005e18   0x00000008   Code   RO          872    .text               c_w.l(libspace.o)
    0x08005e20   0x08005e20   0x00000010   Code   RO          890    .text               c_w.l(rt_ctype_table.o)
    0x08005e30   0x08005e30   0x00000008   Code   RO          895    .text               c_w.l(rt_locale_intlibspace.o)
    0x08005e38   0x08005e38   0x0000008a   Code   RO          897    .text               c_w.l(lludiv10.o)
    0x08005ec2   0x08005ec2   0x00000002   PAD
    0x08005ec4   0x08005ec4   0x00000080   Code   RO          899    .text               c_w.l(_printf_fp_infnan.o)
    0x08005f44   0x08005f44   0x0000002c   Code   RO          903    .text               c_w.l(_printf_wchar.o)
    0x08005f70   0x08005f70   0x0000009e   Code   RO          905    .text               c_w.l(_strtoul.o)
    0x0800600e   0x0800600e   0x00000002   PAD
    0x08006010   0x08006010   0x000000e4   Code   RO          907    .text               c_w.l(bigflt0.o)
    0x080060f4   0x080060f4   0x00000008   Code   RO          932    .text               c_w.l(ferror.o)
    0x080060fc   0x080060fc   0x00000040   Code   RO          936    .text               c_w.l(_wcrtomb.o)
    0x0800613c   0x0800613c   0x0000004a   Code   RO          949    .text               c_w.l(sys_stackheap_outer.o)
    0x08006186   0x08006186   0x0000001c   Code   RO          951    .text               c_w.l(_chval.o)
    0x080061a2   0x080061a2   0x00000012   Code   RO          956    .text               c_w.l(exit.o)
    0x080061b4   0x080061b4   0x00000080   Code   RO          958    .text               c_w.l(strcmpv7m.o)
    0x08006234   0x08006234   0x0000003e   Code   RO          910    CL$$btod_d2e        c_w.l(btod.o)
    0x08006272   0x08006272   0x00000046   Code   RO          912    CL$$btod_d2e_denorm_low  c_w.l(btod.o)
    0x080062b8   0x080062b8   0x00000060   Code   RO          911    CL$$btod_d2e_norm_op1  c_w.l(btod.o)
    0x08006318   0x08006318   0x00000338   Code   RO          920    CL$$btod_div_common  c_w.l(btod.o)
    0x08006650   0x08006650   0x000000dc   Code   RO          917    CL$$btod_e2e        c_w.l(btod.o)
    0x0800672c   0x0800672c   0x0000002a   Code   RO          914    CL$$btod_ediv       c_w.l(btod.o)
    0x08006756   0x08006756   0x0000002a   Code   RO          913    CL$$btod_emul       c_w.l(btod.o)
    0x08006780   0x08006780   0x00000244   Code   RO          919    CL$$btod_mult_common  c_w.l(btod.o)
    0x080069c4   0x080069c4   0x00000028   Code   RO          859    i.__ARM_fpclassify  m_ws.l(fpclassify.o)
    0x080069ec   0x080069ec   0x000000aa   Code   RO          861    i.__kernel_poly     m_ws.l(poly.o)
    0x08006a96   0x08006a96   0x00000002   PAD
    0x08006a98   0x08006a98   0x00000010   Code   RO          845    i.__mathlib_dbl_divzero  m_ws.l(dunder.o)
    0x08006aa8   0x08006aa8   0x00000004   Code   RO          847    i.__mathlib_dbl_infnan2  m_ws.l(dunder.o)
    0x08006aac   0x08006aac   0x0000000c   Code   RO          848    i.__mathlib_dbl_invalid  m_ws.l(dunder.o)
    0x08006ab8   0x08006ab8   0x0000000e   Code   RO          849    i.__mathlib_dbl_overflow  m_ws.l(dunder.o)
    0x08006ac6   0x08006ac6   0x00000002   PAD
    0x08006ac8   0x08006ac8   0x00000010   Code   RO          851    i.__mathlib_dbl_underflow  m_ws.l(dunder.o)
    0x08006ad8   0x08006ad8   0x0000000e   Code   RO          679    i._is_digit         c_w.l(__printf_wp.o)
    0x08006ae6   0x08006ae6   0x00000002   PAD
    0x08006ae8   0x08006ae8   0x000009d8   Code   RO          759    i.pow               m_ws.l(pow.o)
    0x080074c0   0x080074c0   0x0000004c   Code   RO          865    i.sqrt              m_ws.l(sqrt.o)
    0x0800750c   0x0800750c   0x0000002c   Code   RO          939    locale$$code        c_w.l(lc_numeric_c.o)
    0x08007538   0x08007538   0x0000002c   Code   RO          954    locale$$code        c_w.l(lc_ctype_c.o)
    0x08007564   0x08007564   0x00000062   Code   RO          714    x$fpl$d2f           fz_ws.l(d2f.o)
    0x080075c6   0x080075c6   0x00000002   PAD
    0x080075c8   0x080075c8   0x00000150   Code   RO          716    x$fpl$dadd          fz_ws.l(daddsub_clz.o)
    0x08007718   0x08007718   0x00000010   Code   RO          941    x$fpl$dcheck1       fz_ws.l(dcheck1.o)
    0x08007728   0x08007728   0x00000018   Code   RO         1011    x$fpl$dcmpinf       fz_ws.l(dcmpi.o)
    0x08007740   0x08007740   0x000002b0   Code   RO          723    x$fpl$ddiv          fz_ws.l(ddiv.o)
    0x080079f0   0x080079f0   0x0000005e   Code   RO          726    x$fpl$dfix          fz_ws.l(dfix.o)
    0x08007a4e   0x08007a4e   0x0000002e   Code   RO          827    x$fpl$dflt          fz_ws.l(dflt_clz.o)
    0x08007a7c   0x08007a7c   0x00000078   Code   RO          943    x$fpl$dleqf         fz_ws.l(dleqf.o)
    0x08007af4   0x08007af4   0x00000154   Code   RO          730    x$fpl$dmul          fz_ws.l(dmul.o)
    0x08007c48   0x08007c48   0x0000009c   Code   RO          832    x$fpl$dnaninf       fz_ws.l(dnaninf.o)
    0x08007ce4   0x08007ce4   0x0000000c   Code   RO          834    x$fpl$dretinf       fz_ws.l(dretinf.o)
    0x08007cf0   0x08007cf0   0x0000006c   Code   RO          836    x$fpl$drleqf        fz_ws.l(drleqf.o)
    0x08007d5c   0x08007d5c   0x00000016   Code   RO          717    x$fpl$drsb          fz_ws.l(daddsub_clz.o)
    0x08007d72   0x08007d72   0x00000002   PAD
    0x08007d74   0x08007d74   0x000001cc   Code   RO          945    x$fpl$dsqrt         fz_ws.l(dsqrt_noumaal.o)
    0x08007f40   0x08007f40   0x000001d4   Code   RO          718    x$fpl$dsub          fz_ws.l(daddsub_clz.o)
    0x08008114   0x08008114   0x00000056   Code   RO          732    x$fpl$f2d           fz_ws.l(f2d.o)
    0x0800816a   0x0800816a   0x00000002   PAD
    0x0800816c   0x0800816c   0x000000c4   Code   RO          734    x$fpl$fadd          fz_ws.l(faddsub_clz.o)
    0x08008230   0x08008230   0x00000184   Code   RO          741    x$fpl$fdiv          fz_ws.l(fdiv.o)
    0x080083b4   0x080083b4   0x0000003e   Code   RO          744    x$fpl$ffixu         fz_ws.l(ffixu.o)
    0x080083f2   0x080083f2   0x00000002   PAD
    0x080083f4   0x080083f4   0x00000030   Code   RO          749    x$fpl$fflt          fz_ws.l(fflt_clz.o)
    0x08008424   0x08008424   0x00000026   Code   RO          748    x$fpl$ffltu         fz_ws.l(fflt_clz.o)
    0x0800844a   0x0800844a   0x00000002   PAD
    0x0800844c   0x0800844c   0x00000102   Code   RO          754    x$fpl$fmul          fz_ws.l(fmul.o)
    0x0800854e   0x0800854e   0x0000008c   Code   RO          838    x$fpl$fnaninf       fz_ws.l(fnaninf.o)
    0x080085da   0x080085da   0x0000000a   Code   RO          840    x$fpl$fretinf       fz_ws.l(fretinf.o)
    0x080085e4   0x080085e4   0x000000ea   Code   RO          736    x$fpl$fsub          fz_ws.l(faddsub_clz.o)
    0x080086ce   0x080086ce   0x00000004   Code   RO          756    x$fpl$printf1       fz_ws.l(printf1.o)
    0x080086d2   0x080086d2   0x00000064   Code   RO         1013    x$fpl$retnan        fz_ws.l(retnan.o)
    0x08008736   0x08008736   0x0000005c   Code   RO          842    x$fpl$scalbn        fz_ws.l(scalbn.o)
    0x08008792   0x08008792   0x00000030   Code   RO         1021    x$fpl$trapveneer    fz_ws.l(trapv.o)
    0x080087c2   0x080087c2   0x00000000   Code   RO          844    x$fpl$usenofp       fz_ws.l(usenofp.o)
    0x080087c2   0x080087c2   0x00001e64   Data   RO          283    .constdata          gui.o
    0x0800a626   0x0800a626   0x00000028   Data   RO          667    .constdata          c_w.l(_printf_hex_int_ll_ptr.o)
    0x0800a64e   0x0800a64e   0x00000011   Data   RO          687    .constdata          c_w.l(__printf_flags_ss_wp.o)
    0x0800a65f   0x0800a65f   0x00000001   PAD
    0x0800a660   0x0800a660   0x00000088   Data   RO          760    .constdata          m_ws.l(pow.o)
    0x0800a6e8   0x0800a6e8   0x00000008   Data   RO          795    .constdata          c_w.l(_printf_wctomb.o)
    0x0800a6f0   0x0800a6f0   0x00000008   Data   RO          863    .constdata          m_ws.l(qnan.o)
    0x0800a6f8   0x0800a6f8   0x00000094   Data   RO          908    .constdata          c_w.l(bigflt0.o)
    0x0800a78c   0x0800a78c   0x00000045   Data   RO          604    .conststring        http.o
    0x0800a7d1   0x0800a7d1   0x00000003   PAD
    0x0800a7d4   0x0800a7d4   0x00000020   Data   RO         1090    Region$$Table       anon$$obj.o
    0x0800a7f4   0x0800a7f4   0x0000001c   Data   RO          938    locale$$data        c_w.l(lc_numeric_c.o)
    0x0800a810   0x0800a810   0x00000110   Data   RO          953    locale$$data        c_w.l(lc_ctype_c.o)


    Execution Region RW_IRAM1 (Exec base: 0x20000000, Load base: 0x0800a920, Size: 0x00004490, Max: 0x0000c000, ABSOLUTE)

    Exec Addr    Load Addr    Size         Type   Attr      Idx    E Section Name        Object

    0x20000000   0x0800a920   0x00000014   Data   RW          197    .data               system_stm32f10x.o
    0x20000014   0x0800a934   0x00000002   Data   RW          255    .data               w25qxx.o
    0x20000016   0x0800a936   0x00000005   Data   RW          317    .data               nb.o
    0x2000001b   0x0800a93b   0x00000001   PAD
    0x2000001c   0x0800a93c   0x00000004   Data   RW          369    .data               adc.o
    0x20000020   0x0800a940   0x00000004   Data   RW          399    .data               delay.o
    0x20000024   0x0800a944   0x00000004   Data   RW          430    .data               usart.o
    0x20000028   0x0800a948   0x00000014   Data   RW          529    .data               stm32f10x_rcc.o
    0x2000003c   0x0800a95c   0x00000001   Data   RW          605    .data               http.o
    0x2000003d   0x0800a95d   0x00000003   PAD
    0x20000040        -       0x00001000   Zero   RW          254    .bss                w25qxx.o
    0x20001040        -       0x00002bf6   Zero   RW          316    .bss                nb.o
    0x20003c36        -       0x000001f4   Zero   RW          603    .bss                http.o
    0x20003e2a   0x0800a95d   0x00000002   PAD
    0x20003e2c        -       0x00000060   Zero   RW          873    .bss                c_w.l(libspace.o)
    0x20003e8c   0x0800a95d   0x00000004   PAD
    0x20003e90        -       0x00000200   Zero   RW          486    HEAP                startup_stm32f10x_hd.o
    0x20004090        -       0x00000400   Zero   RW          485    STACK               startup_stm32f10x_hd.o


==============================================================================

Image component sizes


      Code (inc. data)   RO Data    RW Data    ZI Data      Debug   Object Name

       988        104          0          4          0       2590   adc.o
        96          8          0          0          0        809   buzzer.o
       212         18          0          4          0       1007   delay.o
       408         12          0          0          0       2092   dht11.o
      2686         20       7780          0          0       8316   gui.o
       392        124         69          1        500       1925   http.o
      1132          8          0          0          0       4170   lcd_driver.o
       208         26          0          0          0        944   led.o
       640        196          0          0          0     249694   main.o
       220         22          0          0          0       1777   misc.o
      4976        866          0          5      11254      18586   nb.o
       748         12          0          0          0       2998   sgp30.o
       260         10          0          0          0       1109   spi.o
        64         26        304          0       1536        788   startup_stm32f10x_hd.o
      1102         26          0          0          0      11017   stm32f10x_adc.o
       860         38          0          0          0       5709   stm32f10x_gpio.o
        26          0          0          0          0       1166   stm32f10x_it.o
       932         36          0         20          0       8872   stm32f10x_rcc.o
       780         14          0          0          0       6590   stm32f10x_spi.o
      1032         22          0          0          0       8432   stm32f10x_usart.o
         0          0          0          0          0         32   sys.o
       480         38          0         20          0       1703   system_stm32f10x.o
       272          8          0          4          0       3546   usart.o
       316         18          0          0          0       1987   usart2.o
       248          8          0          0          0       1629   usart3.o
       888         44          0          2       4096       4517   w25qxx.o

    ----------------------------------------------------------------------
     19972       1704       8188         64      17388     352005   Object Totals
         0          0         32          0          0          0   (incl. Generated)
         6          0          3          4          2          0   (incl. Padding)

    ----------------------------------------------------------------------

      Code (inc. data)   RO Data    RW Data    ZI Data      Debug   Library Member Name

        24          4          0          0          0         84   __2printf.o
        44          6          0          0          0         84   __2sprintf.o
         8          0          0          0          0         68   __main.o
       392          4         17          0          0         92   __printf_flags_ss_wp.o
        14          0          0          0          0         68   __printf_wp.o
         0          0          0          0          0          0   __rtentry.o
        12          0          0          0          0          0   __rtentry2.o
         6          0          0          0          0          0   __rtentry4.o
        52          8          0          0          0          0   __scatter.o
        26          0          0          0          0          0   __scatter_copy.o
        28          0          0          0          0          0   __scatter_zi.o
        28          0          0          0          0         68   _chval.o
         6          0          0          0          0          0   _printf_a.o
         6          0          0          0          0          0   _printf_c.o
        44          0          0          0          0        108   _printf_char.o
        48          6          0          0          0         96   _printf_char_common.o
        36          4          0          0          0         80   _printf_char_file.o
        40          0          0          0          0         68   _printf_charcount.o
         6          0          0          0          0          0   _printf_d.o
       120         16          0          0          0         92   _printf_dec.o
         6          0          0          0          0          0   _printf_e.o
         6          0          0          0          0          0   _printf_f.o
      1054          0          0          0          0        216   _printf_fp_dec.o
       128         16          0          0          0         84   _printf_fp_infnan.o
         6          0          0          0          0          0   _printf_g.o
       148          4         40          0          0        160   _printf_hex_int_ll_ptr.o
         6          0          0          0          0          0   _printf_i.o
       178          0          0          0          0         88   _printf_intcommon.o
        10          0          0          0          0          0   _printf_l.o
         6          0          0          0          0          0   _printf_lc.o
        10          0          0          0          0          0   _printf_ll.o
         6          0          0          0          0          0   _printf_lld.o
         6          0          0          0          0          0   _printf_lli.o
         6          0          0          0          0          0   _printf_llo.o
         6          0          0          0          0          0   _printf_llu.o
         6          0          0          0          0          0   _printf_llx.o
       124         16          0          0          0         92   _printf_longlong_dec.o
         6          0          0          0          0          0   _printf_ls.o
         6          0          0          0          0          0   _printf_n.o
         6          0          0          0          0          0   _printf_o.o
       112         10          0          0          0        124   _printf_oct_int_ll.o
         6          0          0          0          0          0   _printf_p.o
        78          0          0          0          0        108   _printf_pad.o
         0          0          0          0          0          0   _printf_percent.o
         4          0          0          0          0          0   _printf_percent_end.o
         6          0          0          0          0          0   _printf_s.o
        82          0          0          0          0         80   _printf_str.o
        36          0          0          0          0         84   _printf_truncate.o
         6          0          0          0          0          0   _printf_u.o
        44          0          0          0          0        108   _printf_wchar.o
       188          6          8          0          0         92   _printf_wctomb.o
         6          0          0          0          0          0   _printf_x.o
        22          0          0          0          0        100   _rserrno.o
        10          0          0          0          0         68   _sputc.o
       158          0          0          0          0         92   _strtoul.o
        64          0          0          0          0         92   _wcrtomb.o
        26          0          0          0          0         80   atoi.o
       228          4        148          0          0         96   bigflt0.o
      1936        128          0          0          0        672   btod.o
        36          4          0          0          0         76   c89vsprintf.o
        18          0          0          0          0         80   exit.o
         8          0          0          0          0         68   ferror.o
         6          0          0          0          0        152   heapauxi.o
        44         10        272          0          0         76   lc_ctype_c.o
        44         10         28          0          0         76   lc_numeric_c.o
         2          0          0          0          0          0   libinit.o
        30          0          0          0          0          0   libinit2.o
         2          0          0          0          0          0   libshutdown.o
         2          0          0          0          0          0   libshutdown2.o
         8          4          0          0         96         68   libspace.o
       138          0          0          0          0         80   lludiv10.o
        16          4          0          0          0         76   rt_ctype_table.o
         8          4          0          0          0         68   rt_errno_addr_intlibspace.o
         8          4          0          0          0         68   rt_locale_intlibspace.o
        68          0          0          0          0         68   rt_memclr.o
        78          0          0          0          0         80   rt_memclr_w.o
       138          0          0          0          0         68   rt_memcpy_v6.o
       100          0          0          0          0         80   rt_memcpy_w.o
         2          0          0          0          0          0   rtexit.o
        10          0          0          0          0          0   rtexit2.o
        24          0          0          0          0         68   strcat.o
       128          0          0          0          0         68   strcmpv7m.o
        62          0          0          0          0         76   strlen.o
        36          0          0          0          0         80   strstr.o
       112          0          0          0          0         88   strtol.o
        74          0          0          0          0         80   sys_stackheap_outer.o
         2          0          0          0          0         68   use_no_semi.o
         2          0          0          0          0         68   use_no_semi_2.o
        98          4          0          0          0         92   d2f.o
       826         16          0          0          0        348   daddsub_clz.o
        16          4          0          0          0         68   dcheck1.o
        24          0          0          0          0         68   dcmpi.o
       688        140          0          0          0        208   ddiv.o
        94          4          0          0          0         92   dfix.o
        46          0          0          0          0         68   dflt_clz.o
       120          4          0          0          0         92   dleqf.o
       340         12          0          0          0        104   dmul.o
       156          4          0          0          0         92   dnaninf.o
        12          0          0          0          0         68   dretinf.o
       108          0          0          0          0         80   drleqf.o
       460         56          0          0          0        120   dsqrt_noumaal.o
        86          4          0          0          0         84   f2d.o
       430          8          0          0          0        168   faddsub_clz.o
       388         76          0          0          0         96   fdiv.o
        62          4          0          0          0         84   ffixu.o
        86          0          0          0          0        136   fflt_clz.o
       258          4          0          0          0         84   fmul.o
       140          4          0          0          0         84   fnaninf.o
        10          0          0          0          0         68   fretinf.o
         4          0          0          0          0         68   printf1.o
       100          0          0          0          0         68   retnan.o
        92          0          0          0          0         68   scalbn.o
        48          0          0          0          0         68   trapv.o
         0          0          0          0          0          0   usenofp.o
        62         10          0          0          0        340   dunder.o
        40          0          0          0          0         68   fpclassify.o
       170          0          0          0          0         96   poly.o
      2520        190        136          0          0        324   pow.o
         0          0          8          0          0          0   qnan.o
        76          0          0          0          0         84   sqrt.o

    ----------------------------------------------------------------------
     14478        816        658          0        100       8612   Library Totals
        30          0          1          0          4          0   (incl. Padding)

    ----------------------------------------------------------------------

      Code (inc. data)   RO Data    RW Data    ZI Data      Debug   Library Name

      6888        272        513          0         96       5124   c_w.l
      4692        344          0          0          0       2576   fz_ws.l
      2868        200        144          0          0        912   m_ws.l

    ----------------------------------------------------------------------
     14478        816        658          0        100       8612   Library Totals

    ----------------------------------------------------------------------

==============================================================================


      Code (inc. data)   RO Data    RW Data    ZI Data      Debug   

     34450       2520       8846         64      17488     353697   Grand Totals
     34450       2520       8846         64      17488     353697   ELF Image Totals
     34450       2520       8846         64          0          0   ROM Totals

==============================================================================

    Total RO  Size (Code + RO Data)                43296 (  42.28kB)
    Total RW  Size (RW Data + ZI Data)             17552 (  17.14kB)
    Total ROM Size (Code + RO Data + RW Data)      43360 (  42.34kB)

==============================================================================

